
===== 2026-06-14 20:03:42 =====
./dolibarr/facturation_syncstats_dernier_bimestre_ferme.sh: line 36: Mois: command not found

===== 2026-06-14 20:07:50 =====
./dolibarr/facturation_syncstats_dernier_bimestre_ferme.sh: line 35: Mois: command not found

===== 2026-06-14 20:22:55 =====
./dolibarr/facturation_syncstats_dernier_bimestre_ferme.sh: line 39: Aucune: command not found

===== 2026-06-14 20:26:44 =====
Aucune facturation prevue ce mois.

===== 2026-06-14 21:05:22 =====
Periode forcee : 2026-03-01 -> 2026-04-30
Periode facturee : 2026-03-01 -> 2026-04-30
Usage: php dolibarr/syncstats_dolibarr_billing.php --periode_debut=YYYY-MM-DD --periode_fin=YYYY-MM-DD [--mode=brouillon|valider] [--limite_tiers=N] [--tiers_id=ID] [--dry_run=0|1] [--verbose=1]

===== 2026-06-14 21:23:12 =====
Periode forcee : 2026-03-01 -> 2026-04-30
Periode facturee : 2026-03-01 -> 2026-04-30
[2026-06-14 21:23:12] INFO  Parametres: periode=2026-03-01 -> 2026-04-30, mode=brouillon, limite_tiers=none, tiers_id=none, dry_run_force=non
[2026-06-14 21:23:12] INFO  Mode brouillon: les factures creees ne seront PAS validees.
[2026-06-14 21:23:14] DEBUG Chargement tiers termine.
[2026-06-14 21:23:14] INFO  Tiers recuperes depuis Dolibarr: 102
[2026-06-14 21:23:14] INFO  Traitement tiers 1 - Interdek Hockey inc.
[2026-06-14 21:23:14] INFO  Extrafields tiers: produit_video_id=10, produit_kit_id=11, nb_kits_raw="1"=>1, prix_kit_semaine_raw="5.00000000"=>5.00, nb_mois=2, nb_semaines=8, qty_kit=8, should_add_kit=yes
[2026-06-14 21:23:14] DEBUG array_options keys: options_ligues_syncstats,options_prix_match_ht,options_facturation_syncstats_active,options_nb_kits_syncstats,options_prix_kits_semaine_ht,options_produit_kit_id,options_produit_video_id
[2026-06-14 21:23:14] INFO  Ligues SyncStats: 96,98,125
[2026-06-14 21:23:14] INFO  Signature: SYNCSTATS|FACTURATION|2026-03-01|2026-04-30
[2026-06-14 21:23:15] INFO  Anti-doublon: non trouve
[2026-06-14 21:23:15] INFO  Produit video #10: ref=0001, label=Service de reprises vidéo, tva_tx=5.000, localtax1=9.975(type=1), localtax2=0.000(type=0)
[2026-06-14 21:23:16] INFO  Produit kit #11: ref=0002, label=Location de trousse SyncStats, tva_tx=5.000, localtax1=9.975(type=1), localtax2=0.000(type=0)
[2026-06-14 21:23:17] INFO  Nb matchs facturables: 29
[2026-06-14 21:23:17] INFO  Montant estime HT (video): 145.00
[2026-06-14 21:23:17] INFO  Montant estime HT (kit): 40.00
[2026-06-14 21:23:17] INFO  Montant estime HT (total): 185.00
[2026-06-14 21:23:17] INFO  [SIMULATION] Ligne video prevue: product_id=10, qty=29, pu_ht=5.00
[2026-06-14 21:23:17] INFO  [SIMULATION] Ligne kit prevue: product_id=11, qty=8, pu_ht=5.00
[2026-06-14 21:23:17] INFO  Anti-doublon: non trouve => creation...
[2026-06-14 21:23:18] INFO  Facture creee: 190
[2026-06-14 21:23:18] INFO  Creation ligne video: product_id=10, qty=29, pu_ht=5.00
[2026-06-14 21:23:18] INFO  Payload ligne facture (invoice=190): {"fk_product":10,"qty":29,"subprice":5,"desc":"Captation video SyncStats\nPeriode : 2026-03-01 -> 2026-04-30\n\nInterdek Mardi : 29 matchs","tva_tx":5,"localtax1_tx":9.9749999999999996447286321199499070644378662109375,"localtax2_tx":0,"localtax1_type":1,"localtax2_type":0}
[2026-06-14 21:23:18] INFO  Creation ligne kit: product_id=11, qty=8, pu_ht=5.00
[2026-06-14 21:23:18] INFO  Payload ligne facture (invoice=190): {"fk_product":11,"qty":8,"subprice":5,"desc":"Location kits SyncStats\nPeriode : 2026-03-01 -> 2026-04-30\n\n1 kits x 8 semaines","tva_tx":5,"localtax1_tx":9.9749999999999996447286321199499070644378662109375,"localtax2_tx":0,"localtax1_type":1,"localtax2_type":0}
[2026-06-14 21:23:19] INFO  Ligne kit ajoutee: 1 kits x 8 semaines (qty=8) a 5.00/sem.
[2026-06-14 21:23:19] INFO  Ligne ajoutee: OK
[2026-06-14 21:23:19] INFO  Validation: SKIP (mode brouillon, facture laissee non validee).
[2026-06-14 21:23:19] INFO  Traitement tiers 2 - Véronique Dumont
[2026-06-14 21:23:19] INFO  Extrafields tiers: produit_video_id=null, produit_kit_id=null, nb_kits_raw=""=>0, prix_kit_semaine_raw=""=>0.00, nb_mois=2, nb_semaines=8, qty_kit=0, should_add_kit=no
[2026-06-14 21:23:19] DEBUG array_options keys: 
[2026-06-14 21:23:19] INFO  SKIP facturation SyncStats desactivee (options_facturation_syncstats_active != 1).
[2026-06-14 21:23:19] INFO  Traitement tiers 3 - Danick Boudreau LHCMD
[2026-06-14 21:23:19] INFO  Extrafields tiers: produit_video_id=null, produit_kit_id=null, nb_kits_raw=""=>0, prix_kit_semaine_raw=""=>0.00, nb_mois=2, nb_semaines=8, qty_kit=0, should_add_kit=no
[2026-06-14 21:23:19] DEBUG array_options keys: 
[2026-06-14 21:23:19] INFO  SKIP facturation SyncStats desactivee (options_facturation_syncstats_active != 1).
[2026-06-14 21:23:19] INFO  Traitement tiers 4 - DHL
[2026-06-14 21:23:19] INFO  Extrafields tiers: produit_video_id=null, produit_kit_id=null, nb_kits_raw=""=>0, prix_kit_semaine_raw=""=>0.00, nb_mois=2, nb_semaines=8, qty_kit=0, should_add_kit=no
[2026-06-14 21:23:19] DEBUG array_options keys: 
[2026-06-14 21:23:19] INFO  SKIP facturation SyncStats desactivee (options_facturation_syncstats_active != 1).
[2026-06-14 21:23:19] INFO  Traitement tiers 5 - Coupe Dek
[2026-06-14 21:23:19] INFO  Extrafields tiers: produit_video_id=null, produit_kit_id=null, nb_kits_raw=""=>0, prix_kit_semaine_raw=""=>0.00, nb_mois=2, nb_semaines=8, qty_kit=0, should_add_kit=no
[2026-06-14 21:23:19] DEBUG array_options keys: 
[2026-06-14 21:23:19] INFO  SKIP facturation SyncStats desactivee (options_facturation_syncstats_active != 1).
[2026-06-14 21:23:19] INFO  Traitement tiers 6 - MNH
[2026-06-14 21:23:19] INFO  Extrafields tiers: produit_video_id=null, produit_kit_id=null, nb_kits_raw=""=>0, prix_kit_semaine_raw=""=>0.00, nb_mois=2, nb_semaines=8, qty_kit=0, should_add_kit=no
[2026-06-14 21:23:19] DEBUG array_options keys: 
[2026-06-14 21:23:19] INFO  SKIP facturation SyncStats desactivee (options_facturation_syncstats_active != 1).
[2026-06-14 21:23:19] INFO  Traitement tiers 7 - PLB
[2026-06-14 21:23:19] INFO  Extrafields tiers: produit_video_id=null, produit_kit_id=null, nb_kits_raw=""=>0, prix_kit_semaine_raw=""=>0.00, nb_mois=2, nb_semaines=8, qty_kit=0, should_add_kit=no
[2026-06-14 21:23:19] DEBUG array_options keys: 
[2026-06-14 21:23:19] INFO  SKIP facturation SyncStats desactivee (options_facturation_syncstats_active != 1).
[2026-06-14 21:23:19] INFO  Traitement tiers 8 - Cosom Mixte
[2026-06-14 21:23:19] INFO  Extrafields tiers: produit_video_id=10, produit_kit_id=11, nb_kits_raw="0"=>0, prix_kit_semaine_raw="6.00000000"=>6.00, nb_mois=2, nb_semaines=8, qty_kit=0, should_add_kit=no
[2026-06-14 21:23:19] DEBUG array_options keys: options_ligues_syncstats,options_prix_match_ht,options_facturation_syncstats_active,options_nb_kits_syncstats,options_prix_kits_semaine_ht,options_produit_kit_id,options_produit_video_id
[2026-06-14 21:23:19] INFO  Ligues SyncStats: 66,78
[2026-06-14 21:23:19] INFO  Signature: SYNCSTATS|FACTURATION|2026-03-01|2026-04-30
[2026-06-14 21:23:19] INFO  Anti-doublon: non trouve
[2026-06-14 21:23:20] INFO  Produit video #10: ref=0001, label=Service de reprises vidéo, tva_tx=5.000, localtax1=9.975(type=1), localtax2=0.000(type=0)
[2026-06-14 21:23:20] INFO  Produit kit #11: ref=0002, label=Location de trousse SyncStats, tva_tx=5.000, localtax1=9.975(type=1), localtax2=0.000(type=0)
[2026-06-14 21:23:21] INFO  SKIP aucun match facturable pour ce tiers.
[2026-06-14 21:23:21] INFO  Traitement tiers 9 - Jean-Simon Boucher
[2026-06-14 21:23:21] INFO  Extrafields tiers: produit_video_id=null, produit_kit_id=null, nb_kits_raw=""=>0, prix_kit_semaine_raw=""=>0.00, nb_mois=2, nb_semaines=8, qty_kit=0, should_add_kit=no
[2026-06-14 21:23:21] DEBUG array_options keys: 
[2026-06-14 21:23:21] INFO  SKIP facturation SyncStats desactivee (options_facturation_syncstats_active != 1).
[2026-06-14 21:23:21] INFO  Traitement tiers 10 - Mario Galego
[2026-06-14 21:23:21] INFO  Extrafields tiers: produit_video_id=null, produit_kit_id=null, nb_kits_raw=""=>0, prix_kit_semaine_raw=""=>0.00, nb_mois=2, nb_semaines=8, qty_kit=0, should_add_kit=no
[2026-06-14 21:23:21] DEBUG array_options keys: 
[2026-06-14 21:23:21] INFO  SKIP facturation SyncStats desactivee (options_facturation_syncstats_active != 1).
[2026-06-14 21:23:21] INFO  Traitement tiers 11 - Patrick Fortin
[2026-06-14 21:23:21] INFO  Extrafields tiers: produit_video_id=null, produit_kit_id=null, nb_kits_raw=""=>0, prix_kit_semaine_raw=""=>0.00, nb_mois=2, nb_semaines=8, qty_kit=0, should_add_kit=no
[2026-06-14 21:23:21] DEBUG array_options keys: 
[2026-06-14 21:23:21] INFO  SKIP facturation SyncStats desactivee (options_facturation_syncstats_active != 1).
[2026-06-14 21:23:21] INFO  Traitement tiers 12 - Masonic Challenge
[2026-06-14 21:23:21] INFO  Extrafields tiers: produit_video_id=null, produit_kit_id=null, nb_kits_raw=""=>0, prix_kit_semaine_raw=""=>0.00, nb_mois=2, nb_semaines=8, qty_kit=0, should_add_kit=no
[2026-06-14 21:23:21] DEBUG array_options keys: 
[2026-06-14 21:23:21] INFO  SKIP facturation SyncStats desactivee (options_facturation_syncstats_active != 1).
[2026-06-14 21:23:21] INFO  Traitement tiers 13 - MBHL
[2026-06-14 21:23:21] INFO  Extrafields tiers: produit_video_id=null, produit_kit_id=null, nb_kits_raw=""=>0, prix_kit_semaine_raw=""=>0.00, nb_mois=2, nb_semaines=8, qty_kit=0, should_add_kit=no
[2026-06-14 21:23:21] DEBUG array_options keys: 
[2026-06-14 21:23:21] INFO  SKIP facturation SyncStats desactivee (options_facturation_syncstats_active != 1).
[2026-06-14 21:23:21] INFO  Traitement tiers 14 - Tournée Alex Burrows
[2026-06-14 21:23:21] INFO  Extrafields tiers: produit_video_id=null, produit_kit_id=null, nb_kits_raw=""=>0, prix_kit_semaine_raw=""=>0.00, nb_mois=2, nb_semaines=8, qty_kit=0, should_add_kit=no
[2026-06-14 21:23:21] DEBUG array_options keys: 
[2026-06-14 21:23:21] INFO  SKIP facturation SyncStats desactivee (options_facturation_syncstats_active != 1).
[2026-06-14 21:23:21] INFO  Traitement tiers 15 - LHDRS
[2026-06-14 21:23:21] INFO  Extrafields tiers: produit_video_id=null, produit_kit_id=null, nb_kits_raw=""=>0, prix_kit_semaine_raw=""=>0.00, nb_mois=2, nb_semaines=8, qty_kit=0, should_add_kit=no
[2026-06-14 21:23:21] DEBUG array_options keys: 
[2026-06-14 21:23:21] INFO  SKIP facturation SyncStats desactivee (options_facturation_syncstats_active != 1).
[2026-06-14 21:23:21] INFO  Traitement tiers 16 - Dev Cheema
[2026-06-14 21:23:21] INFO  Extrafields tiers: produit_video_id=null, produit_kit_id=null, nb_kits_raw=""=>0, prix_kit_semaine_raw=""=>0.00, nb_mois=2, nb_semaines=8, qty_kit=0, should_add_kit=no
[2026-06-14 21:23:21] DEBUG array_options keys: 
[2026-06-14 21:23:21] INFO  SKIP facturation SyncStats desactivee (options_facturation_syncstats_active != 1).
[2026-06-14 21:23:21] INFO  Traitement tiers 17 - Kim Thay
[2026-06-14 21:23:21] INFO  SKIP non-client.
[2026-06-14 21:23:21] INFO  Traitement tiers 18 - David Tremblay
[2026-06-14 21:23:21] INFO  Extrafields tiers: produit_video_id=null, produit_kit_id=null, nb_kits_raw=""=>0, prix_kit_semaine_raw=""=>0.00, nb_mois=2, nb_semaines=8, qty_kit=0, should_add_kit=no
[2026-06-14 21:23:21] DEBUG array_options keys: 
[2026-06-14 21:23:21] INFO  SKIP facturation SyncStats desactivee (options_facturation_syncstats_active != 1).
[2026-06-14 21:23:21] INFO  Traitement tiers 19 - Stéphane Réhel
[2026-06-14 21:23:21] INFO  Extrafields tiers: produit_video_id=null, produit_kit_id=null, nb_kits_raw=""=>0, prix_kit_semaine_raw=""=>0.00, nb_mois=2, nb_semaines=8, qty_kit=0, should_add_kit=no
[2026-06-14 21:23:21] DEBUG array_options keys: 
[2026-06-14 21:23:21] INFO  SKIP facturation SyncStats desactivee (options_facturation_syncstats_active != 1).
[2026-06-14 21:23:21] INFO  Traitement tiers 20 - Best Buy
[2026-06-14 21:23:21] INFO  SKIP non-client.
[2026-06-14 21:23:21] INFO  Traitement tiers 21 - Michel Bernier
[2026-06-14 21:23:21] INFO  Extrafields tiers: produit_video_id=null, produit_kit_id=null, nb_kits_raw=""=>0, prix_kit_semaine_raw=""=>0.00, nb_mois=2, nb_semaines=8, qty_kit=0, should_add_kit=no
[2026-06-14 21:23:21] DEBUG array_options keys: 
[2026-06-14 21:23:21] INFO  SKIP facturation SyncStats desactivee (options_facturation_syncstats_active != 1).
[2026-06-14 21:23:21] INFO  Traitement tiers 22 - PSA Hockey
[2026-06-14 21:23:21] INFO  Extrafields tiers: produit_video_id=null, produit_kit_id=null, nb_kits_raw=""=>0, prix_kit_semaine_raw=""=>0.00, nb_mois=2, nb_semaines=8, qty_kit=0, should_add_kit=no
[2026-06-14 21:23:21] DEBUG array_options keys: 
[2026-06-14 21:23:21] INFO  SKIP facturation SyncStats desactivee (options_facturation_syncstats_active != 1).
[2026-06-14 21:23:21] INFO  Traitement tiers 23 - Walmart US
[2026-06-14 21:23:21] INFO  SKIP non-client.
[2026-06-14 21:23:21] INFO  Traitement tiers 24 - Provigo
[2026-06-14 21:23:21] INFO  SKIP non-client.
[2026-06-14 21:23:21] INFO  Traitement tiers 25 - Michel Gagnon
[2026-06-14 21:23:21] INFO  Extrafields tiers: produit_video_id=null, produit_kit_id=null, nb_kits_raw=""=>0, prix_kit_semaine_raw=""=>0.00, nb_mois=2, nb_semaines=8, qty_kit=0, should_add_kit=no
[2026-06-14 21:23:21] DEBUG array_options keys: 
[2026-06-14 21:23:21] INFO  SKIP facturation SyncStats desactivee (options_facturation_syncstats_active != 1).
[2026-06-14 21:23:21] INFO  Traitement tiers 26 - WCHL
[2026-06-14 21:23:21] INFO  Extrafields tiers: produit_video_id=null, produit_kit_id=null, nb_kits_raw=""=>0, prix_kit_semaine_raw=""=>0.00, nb_mois=2, nb_semaines=8, qty_kit=0, should_add_kit=no
[2026-06-14 21:23:21] DEBUG array_options keys: 
[2026-06-14 21:23:21] INFO  SKIP facturation SyncStats desactivee (options_facturation_syncstats_active != 1).
[2026-06-14 21:23:21] INFO  Traitement tiers 27 - Hockey MDK
[2026-06-14 21:23:21] INFO  Extrafields tiers: produit_video_id=null, produit_kit_id=null, nb_kits_raw=""=>0, prix_kit_semaine_raw=""=>0.00, nb_mois=2, nb_semaines=8, qty_kit=0, should_add_kit=no
[2026-06-14 21:23:21] DEBUG array_options keys: 
[2026-06-14 21:23:21] INFO  SKIP facturation SyncStats desactivee (options_facturation_syncstats_active != 1).
[2026-06-14 21:23:21] INFO  Traitement tiers 28 - Sociétés de transport
[2026-06-14 21:23:21] INFO  Extrafields tiers: produit_video_id=null, produit_kit_id=null, nb_kits_raw=""=>0, prix_kit_semaine_raw=""=>0.00, nb_mois=2, nb_semaines=8, qty_kit=0, should_add_kit=no
[2026-06-14 21:23:21] DEBUG array_options keys: 
[2026-06-14 21:23:21] INFO  SKIP facturation SyncStats desactivee (options_facturation_syncstats_active != 1).
[2026-06-14 21:23:21] INFO  Traitement tiers 29 - Tournoi Labonté
[2026-06-14 21:23:21] INFO  Extrafields tiers: produit_video_id=null, produit_kit_id=null, nb_kits_raw=""=>0, prix_kit_semaine_raw=""=>0.00, nb_mois=2, nb_semaines=8, qty_kit=0, should_add_kit=no
[2026-06-14 21:23:21] DEBUG array_options keys: 
[2026-06-14 21:23:21] INFO  SKIP facturation SyncStats desactivee (options_facturation_syncstats_active != 1).
[2026-06-14 21:23:21] INFO  Traitement tiers 30 - Hockey Montréal Élite
[2026-06-14 21:23:21] INFO  Extrafields tiers: produit_video_id=null, produit_kit_id=null, nb_kits_raw=""=>0, prix_kit_semaine_raw=""=>0.00, nb_mois=2, nb_semaines=8, qty_kit=0, should_add_kit=no
[2026-06-14 21:23:21] DEBUG array_options keys: 
[2026-06-14 21:23:21] INFO  SKIP facturation SyncStats desactivee (options_facturation_syncstats_active != 1).
[2026-06-14 21:23:21] INFO  Traitement tiers 31 - Test
[2026-06-14 21:23:21] INFO  SKIP non-client.
[2026-06-14 21:23:21] INFO  Traitement tiers 32 - Structure Intégrée des Grenadiers
[2026-06-14 21:23:21] INFO  Extrafields tiers: produit_video_id=null, produit_kit_id=null, nb_kits_raw=""=>0, prix_kit_semaine_raw=""=>0.00, nb_mois=2, nb_semaines=8, qty_kit=0, should_add_kit=no
[2026-06-14 21:23:21] DEBUG array_options keys: 
[2026-06-14 21:23:21] INFO  SKIP facturation SyncStats desactivee (options_facturation_syncstats_active != 1).
[2026-06-14 21:23:21] INFO  Traitement tiers 33 - Hockey West-Island
[2026-06-14 21:23:21] INFO  Extrafields tiers: produit_video_id=null, produit_kit_id=null, nb_kits_raw=""=>0, prix_kit_semaine_raw=""=>0.00, nb_mois=2, nb_semaines=8, qty_kit=0, should_add_kit=no
[2026-06-14 21:23:21] DEBUG array_options keys: 
[2026-06-14 21:23:21] INFO  SKIP facturation SyncStats desactivee (options_facturation_syncstats_active != 1).
[2026-06-14 21:23:21] INFO  Traitement tiers 34 - École Secondaire des Sources
[2026-06-14 21:23:21] INFO  Extrafields tiers: produit_video_id=null, produit_kit_id=null, nb_kits_raw=""=>0, prix_kit_semaine_raw=""=>0.00, nb_mois=2, nb_semaines=8, qty_kit=0, should_add_kit=no
[2026-06-14 21:23:21] DEBUG array_options keys: 
[2026-06-14 21:23:21] INFO  SKIP facturation SyncStats desactivee (options_facturation_syncstats_active != 1).
[2026-06-14 21:23:21] INFO  Traitement tiers 35 - Kevin Brogan
[2026-06-14 21:23:21] INFO  Extrafields tiers: produit_video_id=null, produit_kit_id=null, nb_kits_raw=""=>0, prix_kit_semaine_raw=""=>0.00, nb_mois=2, nb_semaines=8, qty_kit=0, should_add_kit=no
[2026-06-14 21:23:21] DEBUG array_options keys: 
[2026-06-14 21:23:21] INFO  SKIP facturation SyncStats desactivee (options_facturation_syncstats_active != 1).
[2026-06-14 21:23:21] INFO  Traitement tiers 36 - WebOrka
[2026-06-14 21:23:21] INFO  SKIP non-client.
[2026-06-14 21:23:21] INFO  Traitement tiers 37 - CEPSUM
[2026-06-14 21:23:21] INFO  Extrafields tiers: produit_video_id=null, produit_kit_id=null, nb_kits_raw=""=>0, prix_kit_semaine_raw=""=>0.00, nb_mois=2, nb_semaines=8, qty_kit=0, should_add_kit=no
[2026-06-14 21:23:21] DEBUG array_options keys: 
[2026-06-14 21:23:21] INFO  SKIP facturation SyncStats desactivee (options_facturation_syncstats_active != 1).
[2026-06-14 21:23:21] INFO  Traitement tiers 38 - MTLHL
[2026-06-14 21:23:21] INFO  Extrafields tiers: produit_video_id=10, produit_kit_id=11, nb_kits_raw="5"=>5, prix_kit_semaine_raw="5.00000000"=>5.00, nb_mois=2, nb_semaines=8, qty_kit=40, should_add_kit=yes
[2026-06-14 21:23:21] DEBUG array_options keys: options_ligues_syncstats,options_prix_match_ht,options_facturation_syncstats_active,options_nb_kits_syncstats,options_prix_kits_semaine_ht,options_produit_kit_id,options_produit_video_id
[2026-06-14 21:23:21] INFO  Ligues SyncStats: 107
[2026-06-14 21:23:21] INFO  Signature: SYNCSTATS|FACTURATION|2026-03-01|2026-04-30
[2026-06-14 21:23:22] INFO  Anti-doublon: non trouve
[2026-06-14 21:23:22] INFO  Produit video #10: ref=0001, label=Service de reprises vidéo, tva_tx=5.000, localtax1=9.975(type=1), localtax2=0.000(type=0)
[2026-06-14 21:23:23] INFO  Produit kit #11: ref=0002, label=Location de trousse SyncStats, tva_tx=5.000, localtax1=9.975(type=1), localtax2=0.000(type=0)
[2026-06-14 21:23:24] INFO  Nb matchs facturables: 87
[2026-06-14 21:23:24] INFO  Montant estime HT (video): 435.00
[2026-06-14 21:23:24] INFO  Montant estime HT (kit): 200.00
[2026-06-14 21:23:24] INFO  Montant estime HT (total): 635.00
[2026-06-14 21:23:24] INFO  [SIMULATION] Ligne video prevue: product_id=10, qty=87, pu_ht=5.00
[2026-06-14 21:23:24] INFO  [SIMULATION] Ligne kit prevue: product_id=11, qty=40, pu_ht=5.00
[2026-06-14 21:23:24] INFO  Anti-doublon: non trouve => creation...
[2026-06-14 21:23:24] INFO  Facture creee: 191
[2026-06-14 21:23:24] INFO  Creation ligne video: product_id=10, qty=87, pu_ht=5.00
[2026-06-14 21:23:24] INFO  Payload ligne facture (invoice=191): {"fk_product":10,"qty":87,"subprice":5,"desc":"Captation video SyncStats\nPeriode : 2026-03-01 -> 2026-04-30\n\nMTLHL : 87 matchs","tva_tx":5,"localtax1_tx":9.9749999999999996447286321199499070644378662109375,"localtax2_tx":0,"localtax1_type":1,"localtax2_type":0}
[2026-06-14 21:23:25] INFO  Creation ligne kit: product_id=11, qty=40, pu_ht=5.00
[2026-06-14 21:23:25] INFO  Payload ligne facture (invoice=191): {"fk_product":11,"qty":40,"subprice":5,"desc":"Location kits SyncStats\nPeriode : 2026-03-01 -> 2026-04-30\n\n5 kits x 8 semaines","tva_tx":5,"localtax1_tx":9.9749999999999996447286321199499070644378662109375,"localtax2_tx":0,"localtax1_type":1,"localtax2_type":0}
[2026-06-14 21:23:26] INFO  Ligne kit ajoutee: 5 kits x 8 semaines (qty=40) a 5.00/sem.
[2026-06-14 21:23:26] INFO  Ligne ajoutee: OK
[2026-06-14 21:23:26] INFO  Validation: SKIP (mode brouillon, facture laissee non validee).
[2026-06-14 21:23:26] INFO  Traitement tiers 39 - Raphaël St-Yves
[2026-06-14 21:23:26] INFO  Extrafields tiers: produit_video_id=null, produit_kit_id=null, nb_kits_raw=""=>0, prix_kit_semaine_raw=""=>0.00, nb_mois=2, nb_semaines=8, qty_kit=0, should_add_kit=no
[2026-06-14 21:23:26] DEBUG array_options keys: 
[2026-06-14 21:23:26] INFO  SKIP facturation SyncStats desactivee (options_facturation_syncstats_active != 1).
[2026-06-14 21:23:26] INFO  Traitement tiers 40 - Gregogy Alexander Brown
[2026-06-14 21:23:26] INFO  Extrafields tiers: produit_video_id=null, produit_kit_id=null, nb_kits_raw=""=>0, prix_kit_semaine_raw=""=>0.00, nb_mois=2, nb_semaines=8, qty_kit=0, should_add_kit=no
[2026-06-14 21:23:26] DEBUG array_options keys: 
[2026-06-14 21:23:26] INFO  SKIP facturation SyncStats desactivee (options_facturation_syncstats_active != 1).
[2026-06-14 21:23:26] INFO  Traitement tiers 41 - Christian Leray
[2026-06-14 21:23:26] INFO  Extrafields tiers: produit_video_id=null, produit_kit_id=null, nb_kits_raw=""=>0, prix_kit_semaine_raw=""=>0.00, nb_mois=2, nb_semaines=8, qty_kit=0, should_add_kit=no
[2026-06-14 21:23:26] DEBUG array_options keys: 
[2026-06-14 21:23:26] INFO  SKIP facturation SyncStats desactivee (options_facturation_syncstats_active != 1).
[2026-06-14 21:23:26] INFO  Traitement tiers 42 - France Levert
[2026-06-14 21:23:26] INFO  Extrafields tiers: produit_video_id=null, produit_kit_id=null, nb_kits_raw=""=>0, prix_kit_semaine_raw=""=>0.00, nb_mois=2, nb_semaines=8, qty_kit=0, should_add_kit=no
[2026-06-14 21:23:26] DEBUG array_options keys: 
[2026-06-14 21:23:26] INFO  SKIP facturation SyncStats desactivee (options_facturation_syncstats_active != 1).
[2026-06-14 21:23:26] INFO  Traitement tiers 43 - Jean-Benoît Pelletier
[2026-06-14 21:23:26] INFO  Extrafields tiers: produit_video_id=null, produit_kit_id=null, nb_kits_raw=""=>0, prix_kit_semaine_raw=""=>0.00, nb_mois=2, nb_semaines=8, qty_kit=0, should_add_kit=no
[2026-06-14 21:23:26] DEBUG array_options keys: 
[2026-06-14 21:23:26] INFO  SKIP facturation SyncStats desactivee (options_facturation_syncstats_active != 1).
[2026-06-14 21:23:26] INFO  Traitement tiers 44 - Claudio Bonnaud
[2026-06-14 21:23:26] INFO  Extrafields tiers: produit_video_id=null, produit_kit_id=null, nb_kits_raw=""=>0, prix_kit_semaine_raw=""=>0.00, nb_mois=2, nb_semaines=8, qty_kit=0, should_add_kit=no
[2026-06-14 21:23:26] DEBUG array_options keys: 
[2026-06-14 21:23:26] INFO  SKIP facturation SyncStats desactivee (options_facturation_syncstats_active != 1).
[2026-06-14 21:23:26] INFO  Traitement tiers 45 - Sylvain O'Reilly
[2026-06-14 21:23:26] INFO  SKIP non-client.
[2026-06-14 21:23:26] INFO  Traitement tiers 46 - Association régionale de Ringuette Laval inc.
[2026-06-14 21:23:26] INFO  Extrafields tiers: produit_video_id=null, produit_kit_id=null, nb_kits_raw=""=>0, prix_kit_semaine_raw=""=>0.00, nb_mois=2, nb_semaines=8, qty_kit=0, should_add_kit=no
[2026-06-14 21:23:26] DEBUG array_options keys: 
[2026-06-14 21:23:26] INFO  SKIP facturation SyncStats desactivee (options_facturation_syncstats_active != 1).
[2026-06-14 21:23:26] INFO  Traitement tiers 47 - Matti Szabo
[2026-06-14 21:23:26] INFO  Extrafields tiers: produit_video_id=null, produit_kit_id=null, nb_kits_raw=""=>0, prix_kit_semaine_raw=""=>0.00, nb_mois=2, nb_semaines=8, qty_kit=0, should_add_kit=no
[2026-06-14 21:23:26] DEBUG array_options keys: 
[2026-06-14 21:23:26] INFO  SKIP facturation SyncStats desactivee (options_facturation_syncstats_active != 1).
[2026-06-14 21:23:26] INFO  Traitement tiers 48 - Dek St-Hyacinthe
[2026-06-14 21:23:26] INFO  Extrafields tiers: produit_video_id=null, produit_kit_id=null, nb_kits_raw=""=>0, prix_kit_semaine_raw=""=>0.00, nb_mois=2, nb_semaines=8, qty_kit=0, should_add_kit=no
[2026-06-14 21:23:26] DEBUG array_options keys: 
[2026-06-14 21:23:26] INFO  SKIP facturation SyncStats desactivee (options_facturation_syncstats_active != 1).
[2026-06-14 21:23:26] INFO  Traitement tiers 49 - Ryerson University
[2026-06-14 21:23:26] INFO  SKIP non-client.
[2026-06-14 21:23:26] INFO  Traitement tiers 50 - Sam Plourde
[2026-06-14 21:23:26] INFO  Extrafields tiers: produit_video_id=null, produit_kit_id=null, nb_kits_raw=""=>0, prix_kit_semaine_raw=""=>0.00, nb_mois=2, nb_semaines=8, qty_kit=0, should_add_kit=no
[2026-06-14 21:23:26] DEBUG array_options keys: 
[2026-06-14 21:23:26] INFO  SKIP facturation SyncStats desactivee (options_facturation_syncstats_active != 1).
[2026-06-14 21:23:26] INFO  Traitement tiers 51 - Peps
[2026-06-14 21:23:26] INFO  Extrafields tiers: produit_video_id=null, produit_kit_id=null, nb_kits_raw=""=>0, prix_kit_semaine_raw=""=>0.00, nb_mois=2, nb_semaines=8, qty_kit=0, should_add_kit=no
[2026-06-14 21:23:26] DEBUG array_options keys: 
[2026-06-14 21:23:26] INFO  SKIP facturation SyncStats desactivee (options_facturation_syncstats_active != 1).
[2026-06-14 21:23:26] INFO  Traitement tiers 52 - Université de Sherbrooke
[2026-06-14 21:23:26] INFO  Extrafields tiers: produit_video_id=null, produit_kit_id=null, nb_kits_raw=""=>0, prix_kit_semaine_raw=""=>0.00, nb_mois=2, nb_semaines=8, qty_kit=0, should_add_kit=no
[2026-06-14 21:23:26] DEBUG array_options keys: 
[2026-06-14 21:23:26] INFO  SKIP facturation SyncStats desactivee (options_facturation_syncstats_active != 1).
[2026-06-14 21:23:26] INFO  Traitement tiers 53 - Concordia
[2026-06-14 21:23:26] INFO  Extrafields tiers: produit_video_id=null, produit_kit_id=null, nb_kits_raw=""=>0, prix_kit_semaine_raw=""=>0.00, nb_mois=2, nb_semaines=8, qty_kit=0, should_add_kit=no
[2026-06-14 21:23:26] DEBUG array_options keys: 
[2026-06-14 21:23:26] INFO  SKIP facturation SyncStats desactivee (options_facturation_syncstats_active != 1).
[2026-06-14 21:23:26] INFO  Traitement tiers 54 - LanceEtCompte
[2026-06-14 21:23:26] INFO  Extrafields tiers: produit_video_id=null, produit_kit_id=null, nb_kits_raw=""=>0, prix_kit_semaine_raw=""=>0.00, nb_mois=2, nb_semaines=8, qty_kit=0, should_add_kit=no
[2026-06-14 21:23:26] DEBUG array_options keys: 
[2026-06-14 21:23:26] INFO  SKIP facturation SyncStats desactivee (options_facturation_syncstats_active != 1).
[2026-06-14 21:23:26] INFO  Traitement tiers 55 - LNO
[2026-06-14 21:23:26] INFO  Extrafields tiers: produit_video_id=null, produit_kit_id=null, nb_kits_raw=""=>0, prix_kit_semaine_raw=""=>0.00, nb_mois=2, nb_semaines=8, qty_kit=0, should_add_kit=no
[2026-06-14 21:23:26] DEBUG array_options keys: 
[2026-06-14 21:23:26] INFO  SKIP facturation SyncStats desactivee (options_facturation_syncstats_active != 1).
[2026-06-14 21:23:26] INFO  Traitement tiers 56 - Dek Boucherville
[2026-06-14 21:23:26] INFO  Extrafields tiers: produit_video_id=null, produit_kit_id=null, nb_kits_raw=""=>0, prix_kit_semaine_raw=""=>0.00, nb_mois=2, nb_semaines=8, qty_kit=0, should_add_kit=no
[2026-06-14 21:23:26] DEBUG array_options keys: 
[2026-06-14 21:23:26] INFO  SKIP facturation SyncStats desactivee (options_facturation_syncstats_active != 1).
[2026-06-14 21:23:26] INFO  Traitement tiers 57 - Ligue 4AS (Dek)
[2026-06-14 21:23:26] INFO  Extrafields tiers: produit_video_id=null, produit_kit_id=null, nb_kits_raw=""=>0, prix_kit_semaine_raw=""=>0.00, nb_mois=2, nb_semaines=8, qty_kit=0, should_add_kit=no
[2026-06-14 21:23:26] DEBUG array_options keys: 
[2026-06-14 21:23:26] INFO  SKIP facturation SyncStats desactivee (options_facturation_syncstats_active != 1).
[2026-06-14 21:23:26] INFO  Traitement tiers 58 - Dek Anjou
[2026-06-14 21:23:26] INFO  Extrafields tiers: produit_video_id=null, produit_kit_id=null, nb_kits_raw=""=>0, prix_kit_semaine_raw=""=>0.00, nb_mois=2, nb_semaines=8, qty_kit=0, should_add_kit=no
[2026-06-14 21:23:26] DEBUG array_options keys: 
[2026-06-14 21:23:26] INFO  SKIP facturation SyncStats desactivee (options_facturation_syncstats_active != 1).
[2026-06-14 21:23:26] INFO  Traitement tiers 59 - Powerball
[2026-06-14 21:23:26] INFO  Extrafields tiers: produit_video_id=null, produit_kit_id=null, nb_kits_raw=""=>0, prix_kit_semaine_raw=""=>0.00, nb_mois=2, nb_semaines=8, qty_kit=0, should_add_kit=no
[2026-06-14 21:23:26] DEBUG array_options keys: 
[2026-06-14 21:23:26] INFO  SKIP facturation SyncStats desactivee (options_facturation_syncstats_active != 1).
[2026-06-14 21:23:26] INFO  Traitement tiers 60 - Dek Hockey St-Jean-sur-Richelieu
[2026-06-14 21:23:26] INFO  Extrafields tiers: produit_video_id=null, produit_kit_id=null, nb_kits_raw=""=>0, prix_kit_semaine_raw=""=>0.00, nb_mois=2, nb_semaines=8, qty_kit=0, should_add_kit=no
[2026-06-14 21:23:26] DEBUG array_options keys: 
[2026-06-14 21:23:26] INFO  SKIP facturation SyncStats desactivee (options_facturation_syncstats_active != 1).
[2026-06-14 21:23:26] INFO  Traitement tiers 62 - Dek Varennes
[2026-06-14 21:23:26] INFO  Extrafields tiers: produit_video_id=null, produit_kit_id=null, nb_kits_raw=""=>0, prix_kit_semaine_raw=""=>0.00, nb_mois=2, nb_semaines=8, qty_kit=0, should_add_kit=no
[2026-06-14 21:23:26] DEBUG array_options keys: 
[2026-06-14 21:23:26] INFO  SKIP facturation SyncStats desactivee (options_facturation_syncstats_active != 1).
[2026-06-14 21:23:26] INFO  Traitement tiers 63 - Complexe Éco-Sports
[2026-06-14 21:23:26] INFO  Extrafields tiers: produit_video_id=null, produit_kit_id=null, nb_kits_raw=""=>0, prix_kit_semaine_raw=""=>0.00, nb_mois=2, nb_semaines=8, qty_kit=0, should_add_kit=no
[2026-06-14 21:23:26] DEBUG array_options keys: 
[2026-06-14 21:23:26] INFO  SKIP facturation SyncStats desactivee (options_facturation_syncstats_active != 1).
[2026-06-14 21:23:26] INFO  Traitement tiers 64 - Cosomplex
[2026-06-14 21:23:26] INFO  Extrafields tiers: produit_video_id=null, produit_kit_id=null, nb_kits_raw=""=>0, prix_kit_semaine_raw=""=>0.00, nb_mois=2, nb_semaines=8, qty_kit=0, should_add_kit=no
[2026-06-14 21:23:26] DEBUG array_options keys: 
[2026-06-14 21:23:26] INFO  SKIP facturation SyncStats desactivee (options_facturation_syncstats_active != 1).
[2026-06-14 21:23:26] INFO  Traitement tiers 65 - Dek Hockey Lanaudière
[2026-06-14 21:23:26] INFO  Extrafields tiers: produit_video_id=null, produit_kit_id=null, nb_kits_raw=""=>0, prix_kit_semaine_raw=""=>0.00, nb_mois=2, nb_semaines=8, qty_kit=0, should_add_kit=no
[2026-06-14 21:23:26] DEBUG array_options keys: 
[2026-06-14 21:23:26] INFO  SKIP facturation SyncStats desactivee (options_facturation_syncstats_active != 1).
[2026-06-14 21:23:26] INFO  Traitement tiers 66 - Dek Hockey St-Roch
[2026-06-14 21:23:26] INFO  Extrafields tiers: produit_video_id=null, produit_kit_id=null, nb_kits_raw=""=>0, prix_kit_semaine_raw=""=>0.00, nb_mois=2, nb_semaines=8, qty_kit=0, should_add_kit=no
[2026-06-14 21:23:26] DEBUG array_options keys: 
[2026-06-14 21:23:26] INFO  SKIP facturation SyncStats desactivee (options_facturation_syncstats_active != 1).
[2026-06-14 21:23:26] INFO  Traitement tiers 67 - Flosport
[2026-06-14 21:23:26] INFO  Extrafields tiers: produit_video_id=null, produit_kit_id=null, nb_kits_raw=""=>0, prix_kit_semaine_raw=""=>0.00, nb_mois=2, nb_semaines=8, qty_kit=0, should_add_kit=no
[2026-06-14 21:23:26] DEBUG array_options keys: 
[2026-06-14 21:23:26] INFO  SKIP facturation SyncStats desactivee (options_facturation_syncstats_active != 1).
[2026-06-14 21:23:26] INFO  Traitement tiers 68 - SportXpo
[2026-06-14 21:23:26] INFO  Extrafields tiers: produit_video_id=null, produit_kit_id=null, nb_kits_raw=""=>0, prix_kit_semaine_raw=""=>0.00, nb_mois=2, nb_semaines=8, qty_kit=0, should_add_kit=no
[2026-06-14 21:23:26] DEBUG array_options keys: 
[2026-06-14 21:23:26] INFO  SKIP facturation SyncStats desactivee (options_facturation_syncstats_active != 1).
[2026-06-14 21:23:26] INFO  Traitement tiers 69 - Centre Hockey Ultime
[2026-06-14 21:23:26] INFO  Extrafields tiers: produit_video_id=null, produit_kit_id=null, nb_kits_raw=""=>0, prix_kit_semaine_raw=""=>0.00, nb_mois=2, nb_semaines=8, qty_kit=0, should_add_kit=no
[2026-06-14 21:23:26] DEBUG array_options keys: 
[2026-06-14 21:23:26] INFO  SKIP facturation SyncStats desactivee (options_facturation_syncstats_active != 1).
[2026-06-14 21:23:26] INFO  Traitement tiers 70 - Centre-Sud
[2026-06-14 21:23:26] INFO  Extrafields tiers: produit_video_id=null, produit_kit_id=null, nb_kits_raw=""=>0, prix_kit_semaine_raw=""=>0.00, nb_mois=2, nb_semaines=8, qty_kit=0, should_add_kit=no
[2026-06-14 21:23:26] DEBUG array_options keys: 
[2026-06-14 21:23:26] INFO  SKIP facturation SyncStats desactivee (options_facturation_syncstats_active != 1).
[2026-06-14 21:23:26] INFO  Traitement tiers 71 - Villeray
[2026-06-14 21:23:26] INFO  Extrafields tiers: produit_video_id=null, produit_kit_id=null, nb_kits_raw=""=>0, prix_kit_semaine_raw=""=>0.00, nb_mois=2, nb_semaines=8, qty_kit=0, should_add_kit=no
[2026-06-14 21:23:26] DEBUG array_options keys: 
[2026-06-14 21:23:26] INFO  SKIP facturation SyncStats desactivee (options_facturation_syncstats_active != 1).
[2026-06-14 21:23:26] INFO  Traitement tiers 72 - Braves du Nord
[2026-06-14 21:23:26] INFO  Extrafields tiers: produit_video_id=null, produit_kit_id=null, nb_kits_raw=""=>0, prix_kit_semaine_raw=""=>0.00, nb_mois=2, nb_semaines=8, qty_kit=0, should_add_kit=no
[2026-06-14 21:23:26] DEBUG array_options keys: 
[2026-06-14 21:23:26] INFO  SKIP facturation SyncStats desactivee (options_facturation_syncstats_active != 1).
[2026-06-14 21:23:26] INFO  Traitement tiers 73 - Fédé de l'Est
[2026-06-14 21:23:26] INFO  Extrafields tiers: produit_video_id=null, produit_kit_id=null, nb_kits_raw=""=>0, prix_kit_semaine_raw=""=>0.00, nb_mois=2, nb_semaines=8, qty_kit=0, should_add_kit=no
[2026-06-14 21:23:26] DEBUG array_options keys: 
[2026-06-14 21:23:26] INFO  SKIP facturation SyncStats desactivee (options_facturation_syncstats_active != 1).
[2026-06-14 21:23:26] INFO  Traitement tiers 74 - Panthères de NDG
[2026-06-14 21:23:26] INFO  Extrafields tiers: produit_video_id=null, produit_kit_id=null, nb_kits_raw=""=>0, prix_kit_semaine_raw=""=>0.00, nb_mois=2, nb_semaines=8, qty_kit=0, should_add_kit=no
[2026-06-14 21:23:26] DEBUG array_options keys: 
[2026-06-14 21:23:26] INFO  SKIP facturation SyncStats desactivee (options_facturation_syncstats_active != 1).
[2026-06-14 21:23:26] INFO  Traitement tiers 75 - Jeunes Sportifs d'Hochelaga
[2026-06-14 21:23:26] INFO  Extrafields tiers: produit_video_id=null, produit_kit_id=null, nb_kits_raw=""=>0, prix_kit_semaine_raw=""=>0.00, nb_mois=2, nb_semaines=8, qty_kit=0, should_add_kit=no
[2026-06-14 21:23:26] DEBUG array_options keys: 
[2026-06-14 21:23:26] INFO  SKIP facturation SyncStats desactivee (options_facturation_syncstats_active != 1).
[2026-06-14 21:23:26] INFO  Traitement tiers 76 - Attacks du Sud-Ouest
[2026-06-14 21:23:26] INFO  Extrafields tiers: produit_video_id=null, produit_kit_id=null, nb_kits_raw=""=>0, prix_kit_semaine_raw=""=>0.00, nb_mois=2, nb_semaines=8, qty_kit=0, should_add_kit=no
[2026-06-14 21:23:26] DEBUG array_options keys: 
[2026-06-14 21:23:26] INFO  SKIP facturation SyncStats desactivee (options_facturation_syncstats_active != 1).
[2026-06-14 21:23:26] INFO  Traitement tiers 77 - Hockey Anjou
[2026-06-14 21:23:26] INFO  Extrafields tiers: produit_video_id=null, produit_kit_id=null, nb_kits_raw=""=>0, prix_kit_semaine_raw=""=>0.00, nb_mois=2, nb_semaines=8, qty_kit=0, should_add_kit=no
[2026-06-14 21:23:26] DEBUG array_options keys: 
[2026-06-14 21:23:26] INFO  SKIP facturation SyncStats desactivee (options_facturation_syncstats_active != 1).
[2026-06-14 21:23:26] INFO  Traitement tiers 78 - Hockey Montréal-Est
[2026-06-14 21:23:26] INFO  Extrafields tiers: produit_video_id=null, produit_kit_id=null, nb_kits_raw=""=>0, prix_kit_semaine_raw=""=>0.00, nb_mois=2, nb_semaines=8, qty_kit=0, should_add_kit=no
[2026-06-14 21:23:26] DEBUG array_options keys: 
[2026-06-14 21:23:26] INFO  SKIP facturation SyncStats desactivee (options_facturation_syncstats_active != 1).
[2026-06-14 21:23:26] INFO  Traitement tiers 79 - AHM Pointe-Aux-Trembles
[2026-06-14 21:23:26] INFO  Extrafields tiers: produit_video_id=null, produit_kit_id=null, nb_kits_raw=""=>0, prix_kit_semaine_raw=""=>0.00, nb_mois=2, nb_semaines=8, qty_kit=0, should_add_kit=no
[2026-06-14 21:23:26] DEBUG array_options keys: 
[2026-06-14 21:23:26] INFO  SKIP facturation SyncStats desactivee (options_facturation_syncstats_active != 1).
[2026-06-14 21:23:26] INFO  Traitement tiers 80 - Hockey Rosemont
[2026-06-14 21:23:26] INFO  Extrafields tiers: produit_video_id=null, produit_kit_id=null, nb_kits_raw=""=>0, prix_kit_semaine_raw=""=>0.00, nb_mois=2, nb_semaines=8, qty_kit=0, should_add_kit=no
[2026-06-14 21:23:26] DEBUG array_options keys: 
[2026-06-14 21:23:26] INFO  SKIP facturation SyncStats desactivee (options_facturation_syncstats_active != 1).
[2026-06-14 21:23:26] INFO  Traitement tiers 81 - Hockey St-Donat
[2026-06-14 21:23:26] INFO  Extrafields tiers: produit_video_id=null, produit_kit_id=null, nb_kits_raw=""=>0, prix_kit_semaine_raw=""=>0.00, nb_mois=2, nb_semaines=8, qty_kit=0, should_add_kit=no
[2026-06-14 21:23:26] DEBUG array_options keys: 
[2026-06-14 21:23:26] INFO  SKIP facturation SyncStats desactivee (options_facturation_syncstats_active != 1).
[2026-06-14 21:23:26] INFO  Traitement tiers 82 - AHM St-Léonard
[2026-06-14 21:23:26] INFO  Extrafields tiers: produit_video_id=null, produit_kit_id=null, nb_kits_raw=""=>0, prix_kit_semaine_raw=""=>0.00, nb_mois=2, nb_semaines=8, qty_kit=0, should_add_kit=no
[2026-06-14 21:23:26] DEBUG array_options keys: 
[2026-06-14 21:23:26] INFO  SKIP facturation SyncStats desactivee (options_facturation_syncstats_active != 1).
[2026-06-14 21:23:26] INFO  Traitement tiers 83 - Hockey Montréal Élite
[2026-06-14 21:23:26] INFO  Extrafields tiers: produit_video_id=null, produit_kit_id=null, nb_kits_raw=""=>0, prix_kit_semaine_raw=""=>0.00, nb_mois=2, nb_semaines=8, qty_kit=0, should_add_kit=no
[2026-06-14 21:23:26] DEBUG array_options keys: 
[2026-06-14 21:23:26] INFO  SKIP facturation SyncStats desactivee (options_facturation_syncstats_active != 1).
[2026-06-14 21:23:26] INFO  Traitement tiers 84 - Hockey Montréal Féminin
[2026-06-14 21:23:26] INFO  Extrafields tiers: produit_video_id=null, produit_kit_id=null, nb_kits_raw=""=>0, prix_kit_semaine_raw=""=>0.00, nb_mois=2, nb_semaines=8, qty_kit=0, should_add_kit=no
[2026-06-14 21:23:26] DEBUG array_options keys: 
[2026-06-14 21:23:26] INFO  SKIP facturation SyncStats desactivee (options_facturation_syncstats_active != 1).
[2026-06-14 21:23:26] INFO  Traitement tiers 85 - AHM West-Island
[2026-06-14 21:23:26] INFO  Extrafields tiers: produit_video_id=null, produit_kit_id=null, nb_kits_raw=""=>0, prix_kit_semaine_raw=""=>0.00, nb_mois=2, nb_semaines=8, qty_kit=0, should_add_kit=no
[2026-06-14 21:23:26] DEBUG array_options keys: 
[2026-06-14 21:23:26] INFO  SKIP facturation SyncStats desactivee (options_facturation_syncstats_active != 1).
[2026-06-14 21:23:26] INFO  Traitement tiers 86 - AHM Lakeshore
[2026-06-14 21:23:26] INFO  Extrafields tiers: produit_video_id=null, produit_kit_id=null, nb_kits_raw=""=>0, prix_kit_semaine_raw=""=>0.00, nb_mois=2, nb_semaines=8, qty_kit=0, should_add_kit=no
[2026-06-14 21:23:26] DEBUG array_options keys: 
[2026-06-14 21:23:26] INFO  SKIP facturation SyncStats desactivee (options_facturation_syncstats_active != 1).
[2026-06-14 21:23:26] INFO  Traitement tiers 87 - AHM Lac St-Louis
[2026-06-14 21:23:26] INFO  Extrafields tiers: produit_video_id=null, produit_kit_id=null, nb_kits_raw=""=>0, prix_kit_semaine_raw=""=>0.00, nb_mois=2, nb_semaines=8, qty_kit=0, should_add_kit=no
[2026-06-14 21:23:26] DEBUG array_options keys: 
[2026-06-14 21:23:26] INFO  SKIP facturation SyncStats desactivee (options_facturation_syncstats_active != 1).
[2026-06-14 21:23:26] INFO  Traitement tiers 88 - AHM Dollard-Des-Ormeaux
[2026-06-14 21:23:26] INFO  Extrafields tiers: produit_video_id=null, produit_kit_id=null, nb_kits_raw=""=>0, prix_kit_semaine_raw=""=>0.00, nb_mois=2, nb_semaines=8, qty_kit=0, should_add_kit=no
[2026-06-14 21:23:26] DEBUG array_options keys: 
[2026-06-14 21:23:26] INFO  SKIP facturation SyncStats desactivee (options_facturation_syncstats_active != 1).
[2026-06-14 21:23:26] INFO  Traitement tiers 89 - AHM Pierrefonds
[2026-06-14 21:23:26] INFO  Extrafields tiers: produit_video_id=null, produit_kit_id=null, nb_kits_raw=""=>0, prix_kit_semaine_raw=""=>0.00, nb_mois=2, nb_semaines=8, qty_kit=0, should_add_kit=no
[2026-06-14 21:23:26] DEBUG array_options keys: 
[2026-06-14 21:23:26] INFO  SKIP facturation SyncStats desactivee (options_facturation_syncstats_active != 1).
[2026-06-14 21:23:26] INFO  Traitement tiers 90 - AHM Ile-Bizard
[2026-06-14 21:23:26] INFO  Extrafields tiers: produit_video_id=null, produit_kit_id=null, nb_kits_raw=""=>0, prix_kit_semaine_raw=""=>0.00, nb_mois=2, nb_semaines=8, qty_kit=0, should_add_kit=no
[2026-06-14 21:23:26] DEBUG array_options keys: 
[2026-06-14 21:23:26] INFO  SKIP facturation SyncStats desactivee (options_facturation_syncstats_active != 1).
[2026-06-14 21:23:26] INFO  Traitement tiers 91 - AHM Laval-Est
[2026-06-14 21:23:26] INFO  Extrafields tiers: produit_video_id=null, produit_kit_id=null, nb_kits_raw=""=>0, prix_kit_semaine_raw=""=>0.00, nb_mois=2, nb_semaines=8, qty_kit=0, should_add_kit=no
[2026-06-14 21:23:26] DEBUG array_options keys: 
[2026-06-14 21:23:26] INFO  SKIP facturation SyncStats desactivee (options_facturation_syncstats_active != 1).
[2026-06-14 21:23:26] INFO  Traitement tiers 92 - AHM Delta
[2026-06-14 21:23:26] INFO  Extrafields tiers: produit_video_id=null, produit_kit_id=null, nb_kits_raw=""=>0, prix_kit_semaine_raw=""=>0.00, nb_mois=2, nb_semaines=8, qty_kit=0, should_add_kit=no
[2026-06-14 21:23:26] DEBUG array_options keys: 
[2026-06-14 21:23:26] INFO  SKIP facturation SyncStats desactivee (options_facturation_syncstats_active != 1).
[2026-06-14 21:23:26] INFO  Traitement tiers 93 - AHM Laval-Nord
[2026-06-14 21:23:26] INFO  Extrafields tiers: produit_video_id=null, produit_kit_id=null, nb_kits_raw=""=>0, prix_kit_semaine_raw=""=>0.00, nb_mois=2, nb_semaines=8, qty_kit=0, should_add_kit=no
[2026-06-14 21:23:26] DEBUG array_options keys: 
[2026-06-14 21:23:26] INFO  SKIP facturation SyncStats desactivee (options_facturation_syncstats_active != 1).
[2026-06-14 21:23:26] INFO  Traitement tiers 94 - AHM Express
[2026-06-14 21:23:26] INFO  Extrafields tiers: produit_video_id=null, produit_kit_id=null, nb_kits_raw=""=>0, prix_kit_semaine_raw=""=>0.00, nb_mois=2, nb_semaines=8, qty_kit=0, should_add_kit=no
[2026-06-14 21:23:26] DEBUG array_options keys: 
[2026-06-14 21:23:26] INFO  SKIP facturation SyncStats desactivee (options_facturation_syncstats_active != 1).
[2026-06-14 21:23:26] INFO  Traitement tiers 95 - AHM Montreuil
[2026-06-14 21:23:26] INFO  Extrafields tiers: produit_video_id=null, produit_kit_id=null, nb_kits_raw=""=>0, prix_kit_semaine_raw=""=>0.00, nb_mois=2, nb_semaines=8, qty_kit=0, should_add_kit=no
[2026-06-14 21:23:26] DEBUG array_options keys: 
[2026-06-14 21:23:26] INFO  SKIP facturation SyncStats desactivee (options_facturation_syncstats_active != 1).
[2026-06-14 21:23:26] INFO  Traitement tiers 96 - Dek Montérégie
[2026-06-14 21:23:26] INFO  Extrafields tiers: produit_video_id=null, produit_kit_id=null, nb_kits_raw=""=>0, prix_kit_semaine_raw=""=>0.00, nb_mois=2, nb_semaines=8, qty_kit=0, should_add_kit=no
[2026-06-14 21:23:26] DEBUG array_options keys: 
[2026-06-14 21:23:26] INFO  SKIP facturation SyncStats desactivee (options_facturation_syncstats_active != 1).
[2026-06-14 21:23:26] INFO  Traitement tiers 97 - Dek Montérégie
[2026-06-14 21:23:26] INFO  Extrafields tiers: produit_video_id=null, produit_kit_id=null, nb_kits_raw=""=>0, prix_kit_semaine_raw=""=>0.00, nb_mois=2, nb_semaines=8, qty_kit=0, should_add_kit=no
[2026-06-14 21:23:26] DEBUG array_options keys: 
[2026-06-14 21:23:26] INFO  SKIP facturation SyncStats desactivee (options_facturation_syncstats_active != 1).
[2026-06-14 21:23:26] INFO  Traitement tiers 98 - Julien Roussel
[2026-06-14 21:23:26] INFO  Extrafields tiers: produit_video_id=null, produit_kit_id=null, nb_kits_raw=""=>0, prix_kit_semaine_raw=""=>0.00, nb_mois=2, nb_semaines=8, qty_kit=0, should_add_kit=no
[2026-06-14 21:23:26] DEBUG array_options keys: 
[2026-06-14 21:23:26] INFO  SKIP facturation SyncStats desactivee (options_facturation_syncstats_active != 1).
[2026-06-14 21:23:26] INFO  Traitement tiers 99 - Dek Hockey Kirkland
[2026-06-14 21:23:26] INFO  Extrafields tiers: produit_video_id=null, produit_kit_id=null, nb_kits_raw=""=>0, prix_kit_semaine_raw=""=>0.00, nb_mois=2, nb_semaines=8, qty_kit=0, should_add_kit=no
[2026-06-14 21:23:26] DEBUG array_options keys: 
[2026-06-14 21:23:26] INFO  SKIP facturation SyncStats desactivee (options_facturation_syncstats_active != 1).
[2026-06-14 21:23:26] INFO  Traitement tiers 100 - Alfonso Reda
[2026-06-14 21:23:26] INFO  Extrafields tiers: produit_video_id=null, produit_kit_id=null, nb_kits_raw=""=>0, prix_kit_semaine_raw=""=>0.00, nb_mois=2, nb_semaines=8, qty_kit=0, should_add_kit=no
[2026-06-14 21:23:26] DEBUG array_options keys: 
[2026-06-14 21:23:26] INFO  SKIP facturation SyncStats desactivee (options_facturation_syncstats_active != 1).
[2026-06-14 21:23:26] INFO  Traitement tiers 101 - Georges Jadotte
[2026-06-14 21:23:26] INFO  Extrafields tiers: produit_video_id=null, produit_kit_id=null, nb_kits_raw=""=>0, prix_kit_semaine_raw=""=>0.00, nb_mois=2, nb_semaines=8, qty_kit=0, should_add_kit=no
[2026-06-14 21:23:26] DEBUG array_options keys: 
[2026-06-14 21:23:26] INFO  SKIP facturation SyncStats desactivee (options_facturation_syncstats_active != 1).
[2026-06-14 21:23:26] INFO  Traitement tiers 102 - Pierre-David Gagné
[2026-06-14 21:23:26] INFO  Extrafields tiers: produit_video_id=10, produit_kit_id=11, nb_kits_raw="1"=>1, prix_kit_semaine_raw="5.00000000"=>5.00, nb_mois=2, nb_semaines=8, qty_kit=8, should_add_kit=yes
[2026-06-14 21:23:26] DEBUG array_options keys: options_ligues_syncstats,options_prix_match_ht,options_facturation_syncstats_active,options_nb_kits_syncstats,options_prix_kits_semaine_ht,options_produit_kit_id,options_produit_video_id
[2026-06-14 21:23:26] INFO  Ligues SyncStats: 303,309
[2026-06-14 21:23:26] INFO  Signature: SYNCSTATS|FACTURATION|2026-03-01|2026-04-30
[2026-06-14 21:23:26] INFO  Anti-doublon: non trouve
[2026-06-14 21:23:26] INFO  Produit video #10: ref=0001, label=Service de reprises vidéo, tva_tx=5.000, localtax1=9.975(type=1), localtax2=0.000(type=0)
[2026-06-14 21:23:27] INFO  Produit kit #11: ref=0002, label=Location de trousse SyncStats, tva_tx=5.000, localtax1=9.975(type=1), localtax2=0.000(type=0)
[2026-06-14 21:23:28] INFO  Nb matchs facturables: 4
[2026-06-14 21:23:28] INFO  Montant estime HT (video): 20.00
[2026-06-14 21:23:28] INFO  Montant estime HT (kit): 40.00
[2026-06-14 21:23:28] INFO  Montant estime HT (total): 60.00
[2026-06-14 21:23:28] INFO  [SIMULATION] Ligne video prevue: product_id=10, qty=4, pu_ht=5.00
[2026-06-14 21:23:28] INFO  [SIMULATION] Ligne kit prevue: product_id=11, qty=8, pu_ht=5.00
[2026-06-14 21:23:28] INFO  Anti-doublon: non trouve => creation...
[2026-06-14 21:23:29] INFO  Facture creee: 192
[2026-06-14 21:23:29] INFO  Creation ligne video: product_id=10, qty=4, pu_ht=5.00
[2026-06-14 21:23:29] INFO  Payload ligne facture (invoice=192): {"fk_product":10,"qty":4,"subprice":5,"desc":"Captation video SyncStats\nPeriode : 2026-03-01 -> 2026-04-30\n\nRSEQ Hockey : 4 matchs","tva_tx":5,"localtax1_tx":9.9749999999999996447286321199499070644378662109375,"localtax2_tx":0,"localtax1_type":1,"localtax2_type":0}
[2026-06-14 21:23:29] INFO  Creation ligne kit: product_id=11, qty=8, pu_ht=5.00
[2026-06-14 21:23:29] INFO  Payload ligne facture (invoice=192): {"fk_product":11,"qty":8,"subprice":5,"desc":"Location kits SyncStats\nPeriode : 2026-03-01 -> 2026-04-30\n\n1 kits x 8 semaines","tva_tx":5,"localtax1_tx":9.9749999999999996447286321199499070644378662109375,"localtax2_tx":0,"localtax1_type":1,"localtax2_type":0}
[2026-06-14 21:23:30] INFO  Ligne kit ajoutee: 1 kits x 8 semaines (qty=8) a 5.00/sem.
[2026-06-14 21:23:30] INFO  Ligne ajoutee: OK
[2026-06-14 21:23:30] INFO  Validation: SKIP (mode brouillon, facture laissee non validee).
[2026-06-14 21:23:30] INFO  Traitement tiers 103 - Sagar Modi Consulting inc.
[2026-06-14 21:23:30] INFO  Extrafields tiers: produit_video_id=10, produit_kit_id=11, nb_kits_raw="1"=>1, prix_kit_semaine_raw="6.00000000"=>6.00, nb_mois=2, nb_semaines=8, qty_kit=8, should_add_kit=yes
[2026-06-14 21:23:30] DEBUG array_options keys: options_ligues_syncstats,options_prix_match_ht,options_facturation_syncstats_active,options_nb_kits_syncstats,options_prix_kits_semaine_ht,options_produit_kit_id,options_produit_video_id
[2026-06-14 21:23:30] INFO  Ligues SyncStats: 269
[2026-06-14 21:23:30] INFO  Signature: SYNCSTATS|FACTURATION|2026-03-01|2026-04-30
[2026-06-14 21:23:30] INFO  Anti-doublon: non trouve
[2026-06-14 21:23:31] INFO  Produit video #10: ref=0001, label=Service de reprises vidéo, tva_tx=5.000, localtax1=9.975(type=1), localtax2=0.000(type=0)
[2026-06-14 21:23:31] INFO  Produit kit #11: ref=0002, label=Location de trousse SyncStats, tva_tx=5.000, localtax1=9.975(type=1), localtax2=0.000(type=0)
[2026-06-14 21:23:32] INFO  Nb matchs facturables: 46
[2026-06-14 21:23:32] INFO  Montant estime HT (video): 276.00
[2026-06-14 21:23:32] INFO  Montant estime HT (kit): 48.00
[2026-06-14 21:23:32] INFO  Montant estime HT (total): 324.00
[2026-06-14 21:23:32] INFO  [SIMULATION] Ligne video prevue: product_id=10, qty=46, pu_ht=6.00
[2026-06-14 21:23:32] INFO  [SIMULATION] Ligne kit prevue: product_id=11, qty=8, pu_ht=6.00
[2026-06-14 21:23:32] INFO  Anti-doublon: non trouve => creation...
[2026-06-14 21:23:33] INFO  Facture creee: 193
[2026-06-14 21:23:33] INFO  Creation ligne video: product_id=10, qty=46, pu_ht=6.00
[2026-06-14 21:23:33] INFO  Payload ligne facture (invoice=193): {"fk_product":10,"qty":46,"subprice":6,"desc":"Captation video SyncStats\nPeriode : 2026-03-01 -> 2026-04-30\n\nRec Montreal : 46 matchs","tva_tx":5,"localtax1_tx":9.9749999999999996447286321199499070644378662109375,"localtax2_tx":0,"localtax1_type":1,"localtax2_type":0}
[2026-06-14 21:23:34] INFO  Creation ligne kit: product_id=11, qty=8, pu_ht=6.00
[2026-06-14 21:23:34] INFO  Payload ligne facture (invoice=193): {"fk_product":11,"qty":8,"subprice":6,"desc":"Location kits SyncStats\nPeriode : 2026-03-01 -> 2026-04-30\n\n1 kits x 8 semaines","tva_tx":5,"localtax1_tx":9.9749999999999996447286321199499070644378662109375,"localtax2_tx":0,"localtax1_type":1,"localtax2_type":0}
[2026-06-14 21:23:34] INFO  Ligne kit ajoutee: 1 kits x 8 semaines (qty=8) a 6.00/sem.
[2026-06-14 21:23:34] INFO  Ligne ajoutee: OK
[2026-06-14 21:23:34] INFO  Validation: SKIP (mode brouillon, facture laissee non validee).
[2026-06-14 21:23:34] INFO  Execution terminee.
Execution terminee.

===== 2026-06-14 21:29:01 =====
Periode forcee : 2026-03-01 -> 2026-04-30
Periode facturee : 2026-03-01 -> 2026-04-30
[2026-06-14 21:29:02] INFO  Parametres: periode=2026-03-01 -> 2026-04-30, mode=brouillon, limite_tiers=none, tiers_id=none, dry_run_force=non
[2026-06-14 21:29:02] INFO  Mode brouillon: les factures creees ne seront PAS validees.
[2026-06-14 21:29:03] DEBUG Chargement tiers termine.
[2026-06-14 21:29:03] INFO  Tiers recuperes depuis Dolibarr: 102
[2026-06-14 21:29:03] INFO  Traitement tiers 1 - Interdek Hockey inc.
[2026-06-14 21:29:03] INFO  Extrafields tiers: produit_video_id=10, produit_kit_id=11, nb_kits_raw="1"=>1, prix_kit_semaine_raw="5.00000000"=>5.00, nb_mois=2, nb_semaines=8, qty_kit=8, should_add_kit=yes
[2026-06-14 21:29:03] DEBUG array_options keys: options_ligues_syncstats,options_prix_match_ht,options_facturation_syncstats_active,options_nb_kits_syncstats,options_prix_kits_semaine_ht,options_produit_kit_id,options_produit_video_id
[2026-06-14 21:29:03] INFO  Ligues SyncStats: 96,98,125
[2026-06-14 21:29:03] INFO  Signature: SYNCSTATS|FACTURATION|2026-03-01|2026-04-30
[2026-06-14 21:29:03] INFO  Anti-doublon: trouve (id facture 190, ref (PROV190))
[2026-06-14 21:29:04] INFO  Produit video #10: ref=0001, label=Service de reprises vidéo, tva_tx=5.000, localtax1=9.975(type=1), localtax2=0.000(type=0)
[2026-06-14 21:29:04] INFO  Produit kit #11: ref=0002, label=Location de trousse SyncStats, tva_tx=5.000, localtax1=9.975(type=1), localtax2=0.000(type=0)
[2026-06-14 21:29:05] INFO  Nb matchs facturables: 29
[2026-06-14 21:29:05] INFO  Montant estime HT (video): 145.00
[2026-06-14 21:29:05] INFO  Montant estime HT (kit): 40.00
[2026-06-14 21:29:05] INFO  Montant estime HT (total): 185.00
[2026-06-14 21:29:05] INFO  [SIMULATION] Ligne video prevue: product_id=10, qty=29, pu_ht=5.00
[2026-06-14 21:29:05] INFO  [SIMULATION] Ligne kit prevue: product_id=11, qty=8, pu_ht=5.00
[2026-06-14 21:29:05] INFO  [SIMULATION] Doublon detecte. Ligne video qui serait creee: product_id=10, qty=29, pu_ht=5.00
[2026-06-14 21:29:05] INFO  [SIMULATION] Doublon detecte. Ligne kit qui serait creee: product_id=11, qty=8, pu_ht=5.00
[2026-06-14 21:29:05] INFO  Anti-doublon: trouve => SKIP creation
[2026-06-14 21:29:05] INFO  Traitement tiers 2 - Véronique Dumont
[2026-06-14 21:29:05] INFO  Extrafields tiers: produit_video_id=null, produit_kit_id=null, nb_kits_raw=""=>0, prix_kit_semaine_raw=""=>0.00, nb_mois=2, nb_semaines=8, qty_kit=0, should_add_kit=no
[2026-06-14 21:29:05] DEBUG array_options keys: 
[2026-06-14 21:29:05] INFO  SKIP facturation SyncStats desactivee (options_facturation_syncstats_active != 1).
[2026-06-14 21:29:05] INFO  Traitement tiers 3 - Danick Boudreau LHCMD
[2026-06-14 21:29:05] INFO  Extrafields tiers: produit_video_id=null, produit_kit_id=null, nb_kits_raw=""=>0, prix_kit_semaine_raw=""=>0.00, nb_mois=2, nb_semaines=8, qty_kit=0, should_add_kit=no
[2026-06-14 21:29:05] DEBUG array_options keys: 
[2026-06-14 21:29:05] INFO  SKIP facturation SyncStats desactivee (options_facturation_syncstats_active != 1).
[2026-06-14 21:29:05] INFO  Traitement tiers 4 - DHL
[2026-06-14 21:29:05] INFO  Extrafields tiers: produit_video_id=null, produit_kit_id=null, nb_kits_raw=""=>0, prix_kit_semaine_raw=""=>0.00, nb_mois=2, nb_semaines=8, qty_kit=0, should_add_kit=no
[2026-06-14 21:29:05] DEBUG array_options keys: 
[2026-06-14 21:29:05] INFO  SKIP facturation SyncStats desactivee (options_facturation_syncstats_active != 1).
[2026-06-14 21:29:05] INFO  Traitement tiers 5 - Coupe Dek
[2026-06-14 21:29:05] INFO  Extrafields tiers: produit_video_id=null, produit_kit_id=null, nb_kits_raw=""=>0, prix_kit_semaine_raw=""=>0.00, nb_mois=2, nb_semaines=8, qty_kit=0, should_add_kit=no
[2026-06-14 21:29:05] DEBUG array_options keys: 
[2026-06-14 21:29:05] INFO  SKIP facturation SyncStats desactivee (options_facturation_syncstats_active != 1).
[2026-06-14 21:29:05] INFO  Traitement tiers 6 - MNH
[2026-06-14 21:29:05] INFO  Extrafields tiers: produit_video_id=null, produit_kit_id=null, nb_kits_raw=""=>0, prix_kit_semaine_raw=""=>0.00, nb_mois=2, nb_semaines=8, qty_kit=0, should_add_kit=no
[2026-06-14 21:29:05] DEBUG array_options keys: 
[2026-06-14 21:29:05] INFO  SKIP facturation SyncStats desactivee (options_facturation_syncstats_active != 1).
[2026-06-14 21:29:05] INFO  Traitement tiers 7 - PLB
[2026-06-14 21:29:05] INFO  Extrafields tiers: produit_video_id=null, produit_kit_id=null, nb_kits_raw=""=>0, prix_kit_semaine_raw=""=>0.00, nb_mois=2, nb_semaines=8, qty_kit=0, should_add_kit=no
[2026-06-14 21:29:05] DEBUG array_options keys: 
[2026-06-14 21:29:05] INFO  SKIP facturation SyncStats desactivee (options_facturation_syncstats_active != 1).
[2026-06-14 21:29:05] INFO  Traitement tiers 8 - Cosom Mixte
[2026-06-14 21:29:05] INFO  Extrafields tiers: produit_video_id=10, produit_kit_id=11, nb_kits_raw="0"=>0, prix_kit_semaine_raw="6.00000000"=>6.00, nb_mois=2, nb_semaines=8, qty_kit=0, should_add_kit=no
[2026-06-14 21:29:05] DEBUG array_options keys: options_ligues_syncstats,options_prix_match_ht,options_facturation_syncstats_active,options_nb_kits_syncstats,options_prix_kits_semaine_ht,options_produit_kit_id,options_produit_video_id
[2026-06-14 21:29:05] INFO  Ligues SyncStats: 66,78
[2026-06-14 21:29:05] INFO  Signature: SYNCSTATS|FACTURATION|2026-03-01|2026-04-30
[2026-06-14 21:29:06] INFO  Anti-doublon: non trouve
[2026-06-14 21:29:06] INFO  Produit video #10: ref=0001, label=Service de reprises vidéo, tva_tx=5.000, localtax1=9.975(type=1), localtax2=0.000(type=0)
[2026-06-14 21:29:07] INFO  Produit kit #11: ref=0002, label=Location de trousse SyncStats, tva_tx=5.000, localtax1=9.975(type=1), localtax2=0.000(type=0)
[2026-06-14 21:29:08] INFO  SKIP aucun match facturable pour ce tiers.
[2026-06-14 21:29:08] INFO  Traitement tiers 9 - Jean-Simon Boucher
[2026-06-14 21:29:08] INFO  Extrafields tiers: produit_video_id=null, produit_kit_id=null, nb_kits_raw=""=>0, prix_kit_semaine_raw=""=>0.00, nb_mois=2, nb_semaines=8, qty_kit=0, should_add_kit=no
[2026-06-14 21:29:08] DEBUG array_options keys: 
[2026-06-14 21:29:08] INFO  SKIP facturation SyncStats desactivee (options_facturation_syncstats_active != 1).
[2026-06-14 21:29:08] INFO  Traitement tiers 10 - Mario Galego
[2026-06-14 21:29:08] INFO  Extrafields tiers: produit_video_id=null, produit_kit_id=null, nb_kits_raw=""=>0, prix_kit_semaine_raw=""=>0.00, nb_mois=2, nb_semaines=8, qty_kit=0, should_add_kit=no
[2026-06-14 21:29:08] DEBUG array_options keys: 
[2026-06-14 21:29:08] INFO  SKIP facturation SyncStats desactivee (options_facturation_syncstats_active != 1).
[2026-06-14 21:29:08] INFO  Traitement tiers 11 - Patrick Fortin
[2026-06-14 21:29:08] INFO  Extrafields tiers: produit_video_id=null, produit_kit_id=null, nb_kits_raw=""=>0, prix_kit_semaine_raw=""=>0.00, nb_mois=2, nb_semaines=8, qty_kit=0, should_add_kit=no
[2026-06-14 21:29:08] DEBUG array_options keys: 
[2026-06-14 21:29:08] INFO  SKIP facturation SyncStats desactivee (options_facturation_syncstats_active != 1).
[2026-06-14 21:29:08] INFO  Traitement tiers 12 - Masonic Challenge
[2026-06-14 21:29:08] INFO  Extrafields tiers: produit_video_id=null, produit_kit_id=null, nb_kits_raw=""=>0, prix_kit_semaine_raw=""=>0.00, nb_mois=2, nb_semaines=8, qty_kit=0, should_add_kit=no
[2026-06-14 21:29:08] DEBUG array_options keys: 
[2026-06-14 21:29:08] INFO  SKIP facturation SyncStats desactivee (options_facturation_syncstats_active != 1).
[2026-06-14 21:29:08] INFO  Traitement tiers 13 - MBHL
[2026-06-14 21:29:08] INFO  Extrafields tiers: produit_video_id=null, produit_kit_id=null, nb_kits_raw=""=>0, prix_kit_semaine_raw=""=>0.00, nb_mois=2, nb_semaines=8, qty_kit=0, should_add_kit=no
[2026-06-14 21:29:08] DEBUG array_options keys: 
[2026-06-14 21:29:08] INFO  SKIP facturation SyncStats desactivee (options_facturation_syncstats_active != 1).
[2026-06-14 21:29:08] INFO  Traitement tiers 14 - Tournée Alex Burrows
[2026-06-14 21:29:08] INFO  Extrafields tiers: produit_video_id=null, produit_kit_id=null, nb_kits_raw=""=>0, prix_kit_semaine_raw=""=>0.00, nb_mois=2, nb_semaines=8, qty_kit=0, should_add_kit=no
[2026-06-14 21:29:08] DEBUG array_options keys: 
[2026-06-14 21:29:08] INFO  SKIP facturation SyncStats desactivee (options_facturation_syncstats_active != 1).
[2026-06-14 21:29:08] INFO  Traitement tiers 15 - LHDRS
[2026-06-14 21:29:08] INFO  Extrafields tiers: produit_video_id=null, produit_kit_id=null, nb_kits_raw=""=>0, prix_kit_semaine_raw=""=>0.00, nb_mois=2, nb_semaines=8, qty_kit=0, should_add_kit=no
[2026-06-14 21:29:08] DEBUG array_options keys: 
[2026-06-14 21:29:08] INFO  SKIP facturation SyncStats desactivee (options_facturation_syncstats_active != 1).
[2026-06-14 21:29:08] INFO  Traitement tiers 16 - Dev Cheema
[2026-06-14 21:29:08] INFO  Extrafields tiers: produit_video_id=null, produit_kit_id=null, nb_kits_raw=""=>0, prix_kit_semaine_raw=""=>0.00, nb_mois=2, nb_semaines=8, qty_kit=0, should_add_kit=no
[2026-06-14 21:29:08] DEBUG array_options keys: 
[2026-06-14 21:29:08] INFO  SKIP facturation SyncStats desactivee (options_facturation_syncstats_active != 1).
[2026-06-14 21:29:08] INFO  Traitement tiers 17 - Kim Thay
[2026-06-14 21:29:08] INFO  SKIP non-client.
[2026-06-14 21:29:08] INFO  Traitement tiers 18 - David Tremblay
[2026-06-14 21:29:08] INFO  Extrafields tiers: produit_video_id=null, produit_kit_id=null, nb_kits_raw=""=>0, prix_kit_semaine_raw=""=>0.00, nb_mois=2, nb_semaines=8, qty_kit=0, should_add_kit=no
[2026-06-14 21:29:08] DEBUG array_options keys: 
[2026-06-14 21:29:08] INFO  SKIP facturation SyncStats desactivee (options_facturation_syncstats_active != 1).
[2026-06-14 21:29:08] INFO  Traitement tiers 19 - Stéphane Réhel
[2026-06-14 21:29:08] INFO  Extrafields tiers: produit_video_id=null, produit_kit_id=null, nb_kits_raw=""=>0, prix_kit_semaine_raw=""=>0.00, nb_mois=2, nb_semaines=8, qty_kit=0, should_add_kit=no
[2026-06-14 21:29:08] DEBUG array_options keys: 
[2026-06-14 21:29:08] INFO  SKIP facturation SyncStats desactivee (options_facturation_syncstats_active != 1).
[2026-06-14 21:29:08] INFO  Traitement tiers 20 - Best Buy
[2026-06-14 21:29:08] INFO  SKIP non-client.
[2026-06-14 21:29:08] INFO  Traitement tiers 21 - Michel Bernier
[2026-06-14 21:29:08] INFO  Extrafields tiers: produit_video_id=null, produit_kit_id=null, nb_kits_raw=""=>0, prix_kit_semaine_raw=""=>0.00, nb_mois=2, nb_semaines=8, qty_kit=0, should_add_kit=no
[2026-06-14 21:29:08] DEBUG array_options keys: 
[2026-06-14 21:29:08] INFO  SKIP facturation SyncStats desactivee (options_facturation_syncstats_active != 1).
[2026-06-14 21:29:08] INFO  Traitement tiers 22 - PSA Hockey
[2026-06-14 21:29:08] INFO  Extrafields tiers: produit_video_id=null, produit_kit_id=null, nb_kits_raw=""=>0, prix_kit_semaine_raw=""=>0.00, nb_mois=2, nb_semaines=8, qty_kit=0, should_add_kit=no
[2026-06-14 21:29:08] DEBUG array_options keys: 
[2026-06-14 21:29:08] INFO  SKIP facturation SyncStats desactivee (options_facturation_syncstats_active != 1).
[2026-06-14 21:29:08] INFO  Traitement tiers 23 - Walmart US
[2026-06-14 21:29:08] INFO  SKIP non-client.
[2026-06-14 21:29:08] INFO  Traitement tiers 24 - Provigo
[2026-06-14 21:29:08] INFO  SKIP non-client.
[2026-06-14 21:29:08] INFO  Traitement tiers 25 - Michel Gagnon
[2026-06-14 21:29:08] INFO  Extrafields tiers: produit_video_id=null, produit_kit_id=null, nb_kits_raw=""=>0, prix_kit_semaine_raw=""=>0.00, nb_mois=2, nb_semaines=8, qty_kit=0, should_add_kit=no
[2026-06-14 21:29:08] DEBUG array_options keys: 
[2026-06-14 21:29:08] INFO  SKIP facturation SyncStats desactivee (options_facturation_syncstats_active != 1).
[2026-06-14 21:29:08] INFO  Traitement tiers 26 - WCHL
[2026-06-14 21:29:08] INFO  Extrafields tiers: produit_video_id=null, produit_kit_id=null, nb_kits_raw=""=>0, prix_kit_semaine_raw=""=>0.00, nb_mois=2, nb_semaines=8, qty_kit=0, should_add_kit=no
[2026-06-14 21:29:08] DEBUG array_options keys: 
[2026-06-14 21:29:08] INFO  SKIP facturation SyncStats desactivee (options_facturation_syncstats_active != 1).
[2026-06-14 21:29:08] INFO  Traitement tiers 27 - Hockey MDK
[2026-06-14 21:29:08] INFO  Extrafields tiers: produit_video_id=null, produit_kit_id=null, nb_kits_raw=""=>0, prix_kit_semaine_raw=""=>0.00, nb_mois=2, nb_semaines=8, qty_kit=0, should_add_kit=no
[2026-06-14 21:29:08] DEBUG array_options keys: 
[2026-06-14 21:29:08] INFO  SKIP facturation SyncStats desactivee (options_facturation_syncstats_active != 1).
[2026-06-14 21:29:08] INFO  Traitement tiers 28 - Sociétés de transport
[2026-06-14 21:29:08] INFO  Extrafields tiers: produit_video_id=null, produit_kit_id=null, nb_kits_raw=""=>0, prix_kit_semaine_raw=""=>0.00, nb_mois=2, nb_semaines=8, qty_kit=0, should_add_kit=no
[2026-06-14 21:29:08] DEBUG array_options keys: 
[2026-06-14 21:29:08] INFO  SKIP facturation SyncStats desactivee (options_facturation_syncstats_active != 1).
[2026-06-14 21:29:08] INFO  Traitement tiers 29 - Tournoi Labonté
[2026-06-14 21:29:08] INFO  Extrafields tiers: produit_video_id=null, produit_kit_id=null, nb_kits_raw=""=>0, prix_kit_semaine_raw=""=>0.00, nb_mois=2, nb_semaines=8, qty_kit=0, should_add_kit=no
[2026-06-14 21:29:08] DEBUG array_options keys: 
[2026-06-14 21:29:08] INFO  SKIP facturation SyncStats desactivee (options_facturation_syncstats_active != 1).
[2026-06-14 21:29:08] INFO  Traitement tiers 30 - Hockey Montréal Élite
[2026-06-14 21:29:08] INFO  Extrafields tiers: produit_video_id=null, produit_kit_id=null, nb_kits_raw=""=>0, prix_kit_semaine_raw=""=>0.00, nb_mois=2, nb_semaines=8, qty_kit=0, should_add_kit=no
[2026-06-14 21:29:08] DEBUG array_options keys: 
[2026-06-14 21:29:08] INFO  SKIP facturation SyncStats desactivee (options_facturation_syncstats_active != 1).
[2026-06-14 21:29:08] INFO  Traitement tiers 31 - Test
[2026-06-14 21:29:08] INFO  SKIP non-client.
[2026-06-14 21:29:08] INFO  Traitement tiers 32 - Structure Intégrée des Grenadiers
[2026-06-14 21:29:08] INFO  Extrafields tiers: produit_video_id=null, produit_kit_id=null, nb_kits_raw=""=>0, prix_kit_semaine_raw=""=>0.00, nb_mois=2, nb_semaines=8, qty_kit=0, should_add_kit=no
[2026-06-14 21:29:08] DEBUG array_options keys: 
[2026-06-14 21:29:08] INFO  SKIP facturation SyncStats desactivee (options_facturation_syncstats_active != 1).
[2026-06-14 21:29:08] INFO  Traitement tiers 33 - Hockey West-Island
[2026-06-14 21:29:08] INFO  Extrafields tiers: produit_video_id=null, produit_kit_id=null, nb_kits_raw=""=>0, prix_kit_semaine_raw=""=>0.00, nb_mois=2, nb_semaines=8, qty_kit=0, should_add_kit=no
[2026-06-14 21:29:08] DEBUG array_options keys: 
[2026-06-14 21:29:08] INFO  SKIP facturation SyncStats desactivee (options_facturation_syncstats_active != 1).
[2026-06-14 21:29:08] INFO  Traitement tiers 34 - École Secondaire des Sources
[2026-06-14 21:29:08] INFO  Extrafields tiers: produit_video_id=null, produit_kit_id=null, nb_kits_raw=""=>0, prix_kit_semaine_raw=""=>0.00, nb_mois=2, nb_semaines=8, qty_kit=0, should_add_kit=no
[2026-06-14 21:29:08] DEBUG array_options keys: 
[2026-06-14 21:29:08] INFO  SKIP facturation SyncStats desactivee (options_facturation_syncstats_active != 1).
[2026-06-14 21:29:08] INFO  Traitement tiers 35 - Kevin Brogan
[2026-06-14 21:29:08] INFO  Extrafields tiers: produit_video_id=null, produit_kit_id=null, nb_kits_raw=""=>0, prix_kit_semaine_raw=""=>0.00, nb_mois=2, nb_semaines=8, qty_kit=0, should_add_kit=no
[2026-06-14 21:29:08] DEBUG array_options keys: 
[2026-06-14 21:29:08] INFO  SKIP facturation SyncStats desactivee (options_facturation_syncstats_active != 1).
[2026-06-14 21:29:08] INFO  Traitement tiers 36 - WebOrka
[2026-06-14 21:29:08] INFO  SKIP non-client.
[2026-06-14 21:29:08] INFO  Traitement tiers 37 - CEPSUM
[2026-06-14 21:29:08] INFO  Extrafields tiers: produit_video_id=null, produit_kit_id=null, nb_kits_raw=""=>0, prix_kit_semaine_raw=""=>0.00, nb_mois=2, nb_semaines=8, qty_kit=0, should_add_kit=no
[2026-06-14 21:29:08] DEBUG array_options keys: 
[2026-06-14 21:29:08] INFO  SKIP facturation SyncStats desactivee (options_facturation_syncstats_active != 1).
[2026-06-14 21:29:08] INFO  Traitement tiers 38 - MTLHL
[2026-06-14 21:29:08] INFO  Extrafields tiers: produit_video_id=10, produit_kit_id=11, nb_kits_raw="5"=>5, prix_kit_semaine_raw="5.00000000"=>5.00, nb_mois=2, nb_semaines=8, qty_kit=40, should_add_kit=yes
[2026-06-14 21:29:08] DEBUG array_options keys: options_ligues_syncstats,options_prix_match_ht,options_facturation_syncstats_active,options_nb_kits_syncstats,options_prix_kits_semaine_ht,options_produit_kit_id,options_produit_video_id
[2026-06-14 21:29:08] INFO  Ligues SyncStats: 107
[2026-06-14 21:29:08] INFO  Signature: SYNCSTATS|FACTURATION|2026-03-01|2026-04-30
[2026-06-14 21:29:08] INFO  Anti-doublon: trouve (id facture 191, ref (PROV191))
[2026-06-14 21:29:09] INFO  Produit video #10: ref=0001, label=Service de reprises vidéo, tva_tx=5.000, localtax1=9.975(type=1), localtax2=0.000(type=0)
[2026-06-14 21:29:09] INFO  Produit kit #11: ref=0002, label=Location de trousse SyncStats, tva_tx=5.000, localtax1=9.975(type=1), localtax2=0.000(type=0)
[2026-06-14 21:29:11] INFO  Nb matchs facturables: 87
[2026-06-14 21:29:11] INFO  Montant estime HT (video): 435.00
[2026-06-14 21:29:11] INFO  Montant estime HT (kit): 200.00
[2026-06-14 21:29:11] INFO  Montant estime HT (total): 635.00
[2026-06-14 21:29:11] INFO  [SIMULATION] Ligne video prevue: product_id=10, qty=87, pu_ht=5.00
[2026-06-14 21:29:11] INFO  [SIMULATION] Ligne kit prevue: product_id=11, qty=40, pu_ht=5.00
[2026-06-14 21:29:11] INFO  [SIMULATION] Doublon detecte. Ligne video qui serait creee: product_id=10, qty=87, pu_ht=5.00
[2026-06-14 21:29:11] INFO  [SIMULATION] Doublon detecte. Ligne kit qui serait creee: product_id=11, qty=40, pu_ht=5.00
[2026-06-14 21:29:11] INFO  Anti-doublon: trouve => SKIP creation
[2026-06-14 21:29:11] INFO  Traitement tiers 39 - Raphaël St-Yves
[2026-06-14 21:29:11] INFO  Extrafields tiers: produit_video_id=null, produit_kit_id=null, nb_kits_raw=""=>0, prix_kit_semaine_raw=""=>0.00, nb_mois=2, nb_semaines=8, qty_kit=0, should_add_kit=no
[2026-06-14 21:29:11] DEBUG array_options keys: 
[2026-06-14 21:29:11] INFO  SKIP facturation SyncStats desactivee (options_facturation_syncstats_active != 1).
[2026-06-14 21:29:11] INFO  Traitement tiers 40 - Gregogy Alexander Brown
[2026-06-14 21:29:11] INFO  Extrafields tiers: produit_video_id=null, produit_kit_id=null, nb_kits_raw=""=>0, prix_kit_semaine_raw=""=>0.00, nb_mois=2, nb_semaines=8, qty_kit=0, should_add_kit=no
[2026-06-14 21:29:11] DEBUG array_options keys: 
[2026-06-14 21:29:11] INFO  SKIP facturation SyncStats desactivee (options_facturation_syncstats_active != 1).
[2026-06-14 21:29:11] INFO  Traitement tiers 41 - Christian Leray
[2026-06-14 21:29:11] INFO  Extrafields tiers: produit_video_id=null, produit_kit_id=null, nb_kits_raw=""=>0, prix_kit_semaine_raw=""=>0.00, nb_mois=2, nb_semaines=8, qty_kit=0, should_add_kit=no
[2026-06-14 21:29:11] DEBUG array_options keys: 
[2026-06-14 21:29:11] INFO  SKIP facturation SyncStats desactivee (options_facturation_syncstats_active != 1).
[2026-06-14 21:29:11] INFO  Traitement tiers 42 - France Levert
[2026-06-14 21:29:11] INFO  Extrafields tiers: produit_video_id=null, produit_kit_id=null, nb_kits_raw=""=>0, prix_kit_semaine_raw=""=>0.00, nb_mois=2, nb_semaines=8, qty_kit=0, should_add_kit=no
[2026-06-14 21:29:11] DEBUG array_options keys: 
[2026-06-14 21:29:11] INFO  SKIP facturation SyncStats desactivee (options_facturation_syncstats_active != 1).
[2026-06-14 21:29:11] INFO  Traitement tiers 43 - Jean-Benoît Pelletier
[2026-06-14 21:29:11] INFO  Extrafields tiers: produit_video_id=null, produit_kit_id=null, nb_kits_raw=""=>0, prix_kit_semaine_raw=""=>0.00, nb_mois=2, nb_semaines=8, qty_kit=0, should_add_kit=no
[2026-06-14 21:29:11] DEBUG array_options keys: 
[2026-06-14 21:29:11] INFO  SKIP facturation SyncStats desactivee (options_facturation_syncstats_active != 1).
[2026-06-14 21:29:11] INFO  Traitement tiers 44 - Claudio Bonnaud
[2026-06-14 21:29:11] INFO  Extrafields tiers: produit_video_id=null, produit_kit_id=null, nb_kits_raw=""=>0, prix_kit_semaine_raw=""=>0.00, nb_mois=2, nb_semaines=8, qty_kit=0, should_add_kit=no
[2026-06-14 21:29:11] DEBUG array_options keys: 
[2026-06-14 21:29:11] INFO  SKIP facturation SyncStats desactivee (options_facturation_syncstats_active != 1).
[2026-06-14 21:29:11] INFO  Traitement tiers 45 - Sylvain O'Reilly
[2026-06-14 21:29:11] INFO  SKIP non-client.
[2026-06-14 21:29:11] INFO  Traitement tiers 46 - Association régionale de Ringuette Laval inc.
[2026-06-14 21:29:11] INFO  Extrafields tiers: produit_video_id=null, produit_kit_id=null, nb_kits_raw=""=>0, prix_kit_semaine_raw=""=>0.00, nb_mois=2, nb_semaines=8, qty_kit=0, should_add_kit=no
[2026-06-14 21:29:11] DEBUG array_options keys: 
[2026-06-14 21:29:11] INFO  SKIP facturation SyncStats desactivee (options_facturation_syncstats_active != 1).
[2026-06-14 21:29:11] INFO  Traitement tiers 47 - Matti Szabo
[2026-06-14 21:29:11] INFO  Extrafields tiers: produit_video_id=null, produit_kit_id=null, nb_kits_raw=""=>0, prix_kit_semaine_raw=""=>0.00, nb_mois=2, nb_semaines=8, qty_kit=0, should_add_kit=no
[2026-06-14 21:29:11] DEBUG array_options keys: 
[2026-06-14 21:29:11] INFO  SKIP facturation SyncStats desactivee (options_facturation_syncstats_active != 1).
[2026-06-14 21:29:11] INFO  Traitement tiers 48 - Dek St-Hyacinthe
[2026-06-14 21:29:11] INFO  Extrafields tiers: produit_video_id=null, produit_kit_id=null, nb_kits_raw=""=>0, prix_kit_semaine_raw=""=>0.00, nb_mois=2, nb_semaines=8, qty_kit=0, should_add_kit=no
[2026-06-14 21:29:11] DEBUG array_options keys: 
[2026-06-14 21:29:11] INFO  SKIP facturation SyncStats desactivee (options_facturation_syncstats_active != 1).
[2026-06-14 21:29:11] INFO  Traitement tiers 49 - Ryerson University
[2026-06-14 21:29:11] INFO  SKIP non-client.
[2026-06-14 21:29:11] INFO  Traitement tiers 50 - Sam Plourde
[2026-06-14 21:29:11] INFO  Extrafields tiers: produit_video_id=null, produit_kit_id=null, nb_kits_raw=""=>0, prix_kit_semaine_raw=""=>0.00, nb_mois=2, nb_semaines=8, qty_kit=0, should_add_kit=no
[2026-06-14 21:29:11] DEBUG array_options keys: 
[2026-06-14 21:29:11] INFO  SKIP facturation SyncStats desactivee (options_facturation_syncstats_active != 1).
[2026-06-14 21:29:11] INFO  Traitement tiers 51 - Peps
[2026-06-14 21:29:11] INFO  Extrafields tiers: produit_video_id=null, produit_kit_id=null, nb_kits_raw=""=>0, prix_kit_semaine_raw=""=>0.00, nb_mois=2, nb_semaines=8, qty_kit=0, should_add_kit=no
[2026-06-14 21:29:11] DEBUG array_options keys: 
[2026-06-14 21:29:11] INFO  SKIP facturation SyncStats desactivee (options_facturation_syncstats_active != 1).
[2026-06-14 21:29:11] INFO  Traitement tiers 52 - Université de Sherbrooke
[2026-06-14 21:29:11] INFO  Extrafields tiers: produit_video_id=null, produit_kit_id=null, nb_kits_raw=""=>0, prix_kit_semaine_raw=""=>0.00, nb_mois=2, nb_semaines=8, qty_kit=0, should_add_kit=no
[2026-06-14 21:29:11] DEBUG array_options keys: 
[2026-06-14 21:29:11] INFO  SKIP facturation SyncStats desactivee (options_facturation_syncstats_active != 1).
[2026-06-14 21:29:11] INFO  Traitement tiers 53 - Concordia
[2026-06-14 21:29:11] INFO  Extrafields tiers: produit_video_id=null, produit_kit_id=null, nb_kits_raw=""=>0, prix_kit_semaine_raw=""=>0.00, nb_mois=2, nb_semaines=8, qty_kit=0, should_add_kit=no
[2026-06-14 21:29:11] DEBUG array_options keys: 
[2026-06-14 21:29:11] INFO  SKIP facturation SyncStats desactivee (options_facturation_syncstats_active != 1).
[2026-06-14 21:29:11] INFO  Traitement tiers 54 - LanceEtCompte
[2026-06-14 21:29:11] INFO  Extrafields tiers: produit_video_id=null, produit_kit_id=null, nb_kits_raw=""=>0, prix_kit_semaine_raw=""=>0.00, nb_mois=2, nb_semaines=8, qty_kit=0, should_add_kit=no
[2026-06-14 21:29:11] DEBUG array_options keys: 
[2026-06-14 21:29:11] INFO  SKIP facturation SyncStats desactivee (options_facturation_syncstats_active != 1).
[2026-06-14 21:29:11] INFO  Traitement tiers 55 - LNO
[2026-06-14 21:29:11] INFO  Extrafields tiers: produit_video_id=null, produit_kit_id=null, nb_kits_raw=""=>0, prix_kit_semaine_raw=""=>0.00, nb_mois=2, nb_semaines=8, qty_kit=0, should_add_kit=no
[2026-06-14 21:29:11] DEBUG array_options keys: 
[2026-06-14 21:29:11] INFO  SKIP facturation SyncStats desactivee (options_facturation_syncstats_active != 1).
[2026-06-14 21:29:11] INFO  Traitement tiers 56 - Dek Boucherville
[2026-06-14 21:29:11] INFO  Extrafields tiers: produit_video_id=null, produit_kit_id=null, nb_kits_raw=""=>0, prix_kit_semaine_raw=""=>0.00, nb_mois=2, nb_semaines=8, qty_kit=0, should_add_kit=no
[2026-06-14 21:29:11] DEBUG array_options keys: 
[2026-06-14 21:29:11] INFO  SKIP facturation SyncStats desactivee (options_facturation_syncstats_active != 1).
[2026-06-14 21:29:11] INFO  Traitement tiers 57 - Ligue 4AS (Dek)
[2026-06-14 21:29:11] INFO  Extrafields tiers: produit_video_id=null, produit_kit_id=null, nb_kits_raw=""=>0, prix_kit_semaine_raw=""=>0.00, nb_mois=2, nb_semaines=8, qty_kit=0, should_add_kit=no
[2026-06-14 21:29:11] DEBUG array_options keys: 
[2026-06-14 21:29:11] INFO  SKIP facturation SyncStats desactivee (options_facturation_syncstats_active != 1).
[2026-06-14 21:29:11] INFO  Traitement tiers 58 - Dek Anjou
[2026-06-14 21:29:11] INFO  Extrafields tiers: produit_video_id=null, produit_kit_id=null, nb_kits_raw=""=>0, prix_kit_semaine_raw=""=>0.00, nb_mois=2, nb_semaines=8, qty_kit=0, should_add_kit=no
[2026-06-14 21:29:11] DEBUG array_options keys: 
[2026-06-14 21:29:11] INFO  SKIP facturation SyncStats desactivee (options_facturation_syncstats_active != 1).
[2026-06-14 21:29:11] INFO  Traitement tiers 59 - Powerball
[2026-06-14 21:29:11] INFO  Extrafields tiers: produit_video_id=null, produit_kit_id=null, nb_kits_raw=""=>0, prix_kit_semaine_raw=""=>0.00, nb_mois=2, nb_semaines=8, qty_kit=0, should_add_kit=no
[2026-06-14 21:29:11] DEBUG array_options keys: 
[2026-06-14 21:29:11] INFO  SKIP facturation SyncStats desactivee (options_facturation_syncstats_active != 1).
[2026-06-14 21:29:11] INFO  Traitement tiers 60 - Dek Hockey St-Jean-sur-Richelieu
[2026-06-14 21:29:11] INFO  Extrafields tiers: produit_video_id=null, produit_kit_id=null, nb_kits_raw=""=>0, prix_kit_semaine_raw=""=>0.00, nb_mois=2, nb_semaines=8, qty_kit=0, should_add_kit=no
[2026-06-14 21:29:11] DEBUG array_options keys: 
[2026-06-14 21:29:11] INFO  SKIP facturation SyncStats desactivee (options_facturation_syncstats_active != 1).
[2026-06-14 21:29:11] INFO  Traitement tiers 62 - Dek Varennes
[2026-06-14 21:29:11] INFO  Extrafields tiers: produit_video_id=null, produit_kit_id=null, nb_kits_raw=""=>0, prix_kit_semaine_raw=""=>0.00, nb_mois=2, nb_semaines=8, qty_kit=0, should_add_kit=no
[2026-06-14 21:29:11] DEBUG array_options keys: 
[2026-06-14 21:29:11] INFO  SKIP facturation SyncStats desactivee (options_facturation_syncstats_active != 1).
[2026-06-14 21:29:11] INFO  Traitement tiers 63 - Complexe Éco-Sports
[2026-06-14 21:29:11] INFO  Extrafields tiers: produit_video_id=null, produit_kit_id=null, nb_kits_raw=""=>0, prix_kit_semaine_raw=""=>0.00, nb_mois=2, nb_semaines=8, qty_kit=0, should_add_kit=no
[2026-06-14 21:29:11] DEBUG array_options keys: 
[2026-06-14 21:29:11] INFO  SKIP facturation SyncStats desactivee (options_facturation_syncstats_active != 1).
[2026-06-14 21:29:11] INFO  Traitement tiers 64 - Cosomplex
[2026-06-14 21:29:11] INFO  Extrafields tiers: produit_video_id=null, produit_kit_id=null, nb_kits_raw=""=>0, prix_kit_semaine_raw=""=>0.00, nb_mois=2, nb_semaines=8, qty_kit=0, should_add_kit=no
[2026-06-14 21:29:11] DEBUG array_options keys: 
[2026-06-14 21:29:11] INFO  SKIP facturation SyncStats desactivee (options_facturation_syncstats_active != 1).
[2026-06-14 21:29:11] INFO  Traitement tiers 65 - Dek Hockey Lanaudière
[2026-06-14 21:29:11] INFO  Extrafields tiers: produit_video_id=null, produit_kit_id=null, nb_kits_raw=""=>0, prix_kit_semaine_raw=""=>0.00, nb_mois=2, nb_semaines=8, qty_kit=0, should_add_kit=no
[2026-06-14 21:29:11] DEBUG array_options keys: 
[2026-06-14 21:29:11] INFO  SKIP facturation SyncStats desactivee (options_facturation_syncstats_active != 1).
[2026-06-14 21:29:11] INFO  Traitement tiers 66 - Dek Hockey St-Roch
[2026-06-14 21:29:11] INFO  Extrafields tiers: produit_video_id=null, produit_kit_id=null, nb_kits_raw=""=>0, prix_kit_semaine_raw=""=>0.00, nb_mois=2, nb_semaines=8, qty_kit=0, should_add_kit=no
[2026-06-14 21:29:11] DEBUG array_options keys: 
[2026-06-14 21:29:11] INFO  SKIP facturation SyncStats desactivee (options_facturation_syncstats_active != 1).
[2026-06-14 21:29:11] INFO  Traitement tiers 67 - Flosport
[2026-06-14 21:29:11] INFO  Extrafields tiers: produit_video_id=null, produit_kit_id=null, nb_kits_raw=""=>0, prix_kit_semaine_raw=""=>0.00, nb_mois=2, nb_semaines=8, qty_kit=0, should_add_kit=no
[2026-06-14 21:29:11] DEBUG array_options keys: 
[2026-06-14 21:29:11] INFO  SKIP facturation SyncStats desactivee (options_facturation_syncstats_active != 1).
[2026-06-14 21:29:11] INFO  Traitement tiers 68 - SportXpo
[2026-06-14 21:29:11] INFO  Extrafields tiers: produit_video_id=null, produit_kit_id=null, nb_kits_raw=""=>0, prix_kit_semaine_raw=""=>0.00, nb_mois=2, nb_semaines=8, qty_kit=0, should_add_kit=no
[2026-06-14 21:29:11] DEBUG array_options keys: 
[2026-06-14 21:29:11] INFO  SKIP facturation SyncStats desactivee (options_facturation_syncstats_active != 1).
[2026-06-14 21:29:11] INFO  Traitement tiers 69 - Centre Hockey Ultime
[2026-06-14 21:29:11] INFO  Extrafields tiers: produit_video_id=null, produit_kit_id=null, nb_kits_raw=""=>0, prix_kit_semaine_raw=""=>0.00, nb_mois=2, nb_semaines=8, qty_kit=0, should_add_kit=no
[2026-06-14 21:29:11] DEBUG array_options keys: 
[2026-06-14 21:29:11] INFO  SKIP facturation SyncStats desactivee (options_facturation_syncstats_active != 1).
[2026-06-14 21:29:11] INFO  Traitement tiers 70 - Centre-Sud
[2026-06-14 21:29:11] INFO  Extrafields tiers: produit_video_id=null, produit_kit_id=null, nb_kits_raw=""=>0, prix_kit_semaine_raw=""=>0.00, nb_mois=2, nb_semaines=8, qty_kit=0, should_add_kit=no
[2026-06-14 21:29:11] DEBUG array_options keys: 
[2026-06-14 21:29:11] INFO  SKIP facturation SyncStats desactivee (options_facturation_syncstats_active != 1).
[2026-06-14 21:29:11] INFO  Traitement tiers 71 - Villeray
[2026-06-14 21:29:11] INFO  Extrafields tiers: produit_video_id=null, produit_kit_id=null, nb_kits_raw=""=>0, prix_kit_semaine_raw=""=>0.00, nb_mois=2, nb_semaines=8, qty_kit=0, should_add_kit=no
[2026-06-14 21:29:11] DEBUG array_options keys: 
[2026-06-14 21:29:11] INFO  SKIP facturation SyncStats desactivee (options_facturation_syncstats_active != 1).
[2026-06-14 21:29:11] INFO  Traitement tiers 72 - Braves du Nord
[2026-06-14 21:29:11] INFO  Extrafields tiers: produit_video_id=null, produit_kit_id=null, nb_kits_raw=""=>0, prix_kit_semaine_raw=""=>0.00, nb_mois=2, nb_semaines=8, qty_kit=0, should_add_kit=no
[2026-06-14 21:29:11] DEBUG array_options keys: 
[2026-06-14 21:29:11] INFO  SKIP facturation SyncStats desactivee (options_facturation_syncstats_active != 1).
[2026-06-14 21:29:11] INFO  Traitement tiers 73 - Fédé de l'Est
[2026-06-14 21:29:11] INFO  Extrafields tiers: produit_video_id=null, produit_kit_id=null, nb_kits_raw=""=>0, prix_kit_semaine_raw=""=>0.00, nb_mois=2, nb_semaines=8, qty_kit=0, should_add_kit=no
[2026-06-14 21:29:11] DEBUG array_options keys: 
[2026-06-14 21:29:11] INFO  SKIP facturation SyncStats desactivee (options_facturation_syncstats_active != 1).
[2026-06-14 21:29:11] INFO  Traitement tiers 74 - Panthères de NDG
[2026-06-14 21:29:11] INFO  Extrafields tiers: produit_video_id=null, produit_kit_id=null, nb_kits_raw=""=>0, prix_kit_semaine_raw=""=>0.00, nb_mois=2, nb_semaines=8, qty_kit=0, should_add_kit=no
[2026-06-14 21:29:11] DEBUG array_options keys: 
[2026-06-14 21:29:11] INFO  SKIP facturation SyncStats desactivee (options_facturation_syncstats_active != 1).
[2026-06-14 21:29:11] INFO  Traitement tiers 75 - Jeunes Sportifs d'Hochelaga
[2026-06-14 21:29:11] INFO  Extrafields tiers: produit_video_id=null, produit_kit_id=null, nb_kits_raw=""=>0, prix_kit_semaine_raw=""=>0.00, nb_mois=2, nb_semaines=8, qty_kit=0, should_add_kit=no
[2026-06-14 21:29:11] DEBUG array_options keys: 
[2026-06-14 21:29:11] INFO  SKIP facturation SyncStats desactivee (options_facturation_syncstats_active != 1).
[2026-06-14 21:29:11] INFO  Traitement tiers 76 - Attacks du Sud-Ouest
[2026-06-14 21:29:11] INFO  Extrafields tiers: produit_video_id=null, produit_kit_id=null, nb_kits_raw=""=>0, prix_kit_semaine_raw=""=>0.00, nb_mois=2, nb_semaines=8, qty_kit=0, should_add_kit=no
[2026-06-14 21:29:11] DEBUG array_options keys: 
[2026-06-14 21:29:11] INFO  SKIP facturation SyncStats desactivee (options_facturation_syncstats_active != 1).
[2026-06-14 21:29:11] INFO  Traitement tiers 77 - Hockey Anjou
[2026-06-14 21:29:11] INFO  Extrafields tiers: produit_video_id=null, produit_kit_id=null, nb_kits_raw=""=>0, prix_kit_semaine_raw=""=>0.00, nb_mois=2, nb_semaines=8, qty_kit=0, should_add_kit=no
[2026-06-14 21:29:11] DEBUG array_options keys: 
[2026-06-14 21:29:11] INFO  SKIP facturation SyncStats desactivee (options_facturation_syncstats_active != 1).
[2026-06-14 21:29:11] INFO  Traitement tiers 78 - Hockey Montréal-Est
[2026-06-14 21:29:11] INFO  Extrafields tiers: produit_video_id=null, produit_kit_id=null, nb_kits_raw=""=>0, prix_kit_semaine_raw=""=>0.00, nb_mois=2, nb_semaines=8, qty_kit=0, should_add_kit=no
[2026-06-14 21:29:11] DEBUG array_options keys: 
[2026-06-14 21:29:11] INFO  SKIP facturation SyncStats desactivee (options_facturation_syncstats_active != 1).
[2026-06-14 21:29:11] INFO  Traitement tiers 79 - AHM Pointe-Aux-Trembles
[2026-06-14 21:29:11] INFO  Extrafields tiers: produit_video_id=null, produit_kit_id=null, nb_kits_raw=""=>0, prix_kit_semaine_raw=""=>0.00, nb_mois=2, nb_semaines=8, qty_kit=0, should_add_kit=no
[2026-06-14 21:29:11] DEBUG array_options keys: 
[2026-06-14 21:29:11] INFO  SKIP facturation SyncStats desactivee (options_facturation_syncstats_active != 1).
[2026-06-14 21:29:11] INFO  Traitement tiers 80 - Hockey Rosemont
[2026-06-14 21:29:11] INFO  Extrafields tiers: produit_video_id=null, produit_kit_id=null, nb_kits_raw=""=>0, prix_kit_semaine_raw=""=>0.00, nb_mois=2, nb_semaines=8, qty_kit=0, should_add_kit=no
[2026-06-14 21:29:11] DEBUG array_options keys: 
[2026-06-14 21:29:11] INFO  SKIP facturation SyncStats desactivee (options_facturation_syncstats_active != 1).
[2026-06-14 21:29:11] INFO  Traitement tiers 81 - Hockey St-Donat
[2026-06-14 21:29:11] INFO  Extrafields tiers: produit_video_id=null, produit_kit_id=null, nb_kits_raw=""=>0, prix_kit_semaine_raw=""=>0.00, nb_mois=2, nb_semaines=8, qty_kit=0, should_add_kit=no
[2026-06-14 21:29:11] DEBUG array_options keys: 
[2026-06-14 21:29:11] INFO  SKIP facturation SyncStats desactivee (options_facturation_syncstats_active != 1).
[2026-06-14 21:29:11] INFO  Traitement tiers 82 - AHM St-Léonard
[2026-06-14 21:29:11] INFO  Extrafields tiers: produit_video_id=null, produit_kit_id=null, nb_kits_raw=""=>0, prix_kit_semaine_raw=""=>0.00, nb_mois=2, nb_semaines=8, qty_kit=0, should_add_kit=no
[2026-06-14 21:29:11] DEBUG array_options keys: 
[2026-06-14 21:29:11] INFO  SKIP facturation SyncStats desactivee (options_facturation_syncstats_active != 1).
[2026-06-14 21:29:11] INFO  Traitement tiers 83 - Hockey Montréal Élite
[2026-06-14 21:29:11] INFO  Extrafields tiers: produit_video_id=null, produit_kit_id=null, nb_kits_raw=""=>0, prix_kit_semaine_raw=""=>0.00, nb_mois=2, nb_semaines=8, qty_kit=0, should_add_kit=no
[2026-06-14 21:29:11] DEBUG array_options keys: 
[2026-06-14 21:29:11] INFO  SKIP facturation SyncStats desactivee (options_facturation_syncstats_active != 1).
[2026-06-14 21:29:11] INFO  Traitement tiers 84 - Hockey Montréal Féminin
[2026-06-14 21:29:11] INFO  Extrafields tiers: produit_video_id=null, produit_kit_id=null, nb_kits_raw=""=>0, prix_kit_semaine_raw=""=>0.00, nb_mois=2, nb_semaines=8, qty_kit=0, should_add_kit=no
[2026-06-14 21:29:11] DEBUG array_options keys: 
[2026-06-14 21:29:11] INFO  SKIP facturation SyncStats desactivee (options_facturation_syncstats_active != 1).
[2026-06-14 21:29:11] INFO  Traitement tiers 85 - AHM West-Island
[2026-06-14 21:29:11] INFO  Extrafields tiers: produit_video_id=null, produit_kit_id=null, nb_kits_raw=""=>0, prix_kit_semaine_raw=""=>0.00, nb_mois=2, nb_semaines=8, qty_kit=0, should_add_kit=no
[2026-06-14 21:29:11] DEBUG array_options keys: 
[2026-06-14 21:29:11] INFO  SKIP facturation SyncStats desactivee (options_facturation_syncstats_active != 1).
[2026-06-14 21:29:11] INFO  Traitement tiers 86 - AHM Lakeshore
[2026-06-14 21:29:11] INFO  Extrafields tiers: produit_video_id=null, produit_kit_id=null, nb_kits_raw=""=>0, prix_kit_semaine_raw=""=>0.00, nb_mois=2, nb_semaines=8, qty_kit=0, should_add_kit=no
[2026-06-14 21:29:11] DEBUG array_options keys: 
[2026-06-14 21:29:11] INFO  SKIP facturation SyncStats desactivee (options_facturation_syncstats_active != 1).
[2026-06-14 21:29:11] INFO  Traitement tiers 87 - AHM Lac St-Louis
[2026-06-14 21:29:11] INFO  Extrafields tiers: produit_video_id=null, produit_kit_id=null, nb_kits_raw=""=>0, prix_kit_semaine_raw=""=>0.00, nb_mois=2, nb_semaines=8, qty_kit=0, should_add_kit=no
[2026-06-14 21:29:11] DEBUG array_options keys: 
[2026-06-14 21:29:11] INFO  SKIP facturation SyncStats desactivee (options_facturation_syncstats_active != 1).
[2026-06-14 21:29:11] INFO  Traitement tiers 88 - AHM Dollard-Des-Ormeaux
[2026-06-14 21:29:11] INFO  Extrafields tiers: produit_video_id=null, produit_kit_id=null, nb_kits_raw=""=>0, prix_kit_semaine_raw=""=>0.00, nb_mois=2, nb_semaines=8, qty_kit=0, should_add_kit=no
[2026-06-14 21:29:11] DEBUG array_options keys: 
[2026-06-14 21:29:11] INFO  SKIP facturation SyncStats desactivee (options_facturation_syncstats_active != 1).
[2026-06-14 21:29:11] INFO  Traitement tiers 89 - AHM Pierrefonds
[2026-06-14 21:29:11] INFO  Extrafields tiers: produit_video_id=null, produit_kit_id=null, nb_kits_raw=""=>0, prix_kit_semaine_raw=""=>0.00, nb_mois=2, nb_semaines=8, qty_kit=0, should_add_kit=no
[2026-06-14 21:29:11] DEBUG array_options keys: 
[2026-06-14 21:29:11] INFO  SKIP facturation SyncStats desactivee (options_facturation_syncstats_active != 1).
[2026-06-14 21:29:11] INFO  Traitement tiers 90 - AHM Ile-Bizard
[2026-06-14 21:29:11] INFO  Extrafields tiers: produit_video_id=null, produit_kit_id=null, nb_kits_raw=""=>0, prix_kit_semaine_raw=""=>0.00, nb_mois=2, nb_semaines=8, qty_kit=0, should_add_kit=no
[2026-06-14 21:29:11] DEBUG array_options keys: 
[2026-06-14 21:29:11] INFO  SKIP facturation SyncStats desactivee (options_facturation_syncstats_active != 1).
[2026-06-14 21:29:11] INFO  Traitement tiers 91 - AHM Laval-Est
[2026-06-14 21:29:11] INFO  Extrafields tiers: produit_video_id=null, produit_kit_id=null, nb_kits_raw=""=>0, prix_kit_semaine_raw=""=>0.00, nb_mois=2, nb_semaines=8, qty_kit=0, should_add_kit=no
[2026-06-14 21:29:11] DEBUG array_options keys: 
[2026-06-14 21:29:11] INFO  SKIP facturation SyncStats desactivee (options_facturation_syncstats_active != 1).
[2026-06-14 21:29:11] INFO  Traitement tiers 92 - AHM Delta
[2026-06-14 21:29:11] INFO  Extrafields tiers: produit_video_id=null, produit_kit_id=null, nb_kits_raw=""=>0, prix_kit_semaine_raw=""=>0.00, nb_mois=2, nb_semaines=8, qty_kit=0, should_add_kit=no
[2026-06-14 21:29:11] DEBUG array_options keys: 
[2026-06-14 21:29:11] INFO  SKIP facturation SyncStats desactivee (options_facturation_syncstats_active != 1).
[2026-06-14 21:29:11] INFO  Traitement tiers 93 - AHM Laval-Nord
[2026-06-14 21:29:11] INFO  Extrafields tiers: produit_video_id=null, produit_kit_id=null, nb_kits_raw=""=>0, prix_kit_semaine_raw=""=>0.00, nb_mois=2, nb_semaines=8, qty_kit=0, should_add_kit=no
[2026-06-14 21:29:11] DEBUG array_options keys: 
[2026-06-14 21:29:11] INFO  SKIP facturation SyncStats desactivee (options_facturation_syncstats_active != 1).
[2026-06-14 21:29:11] INFO  Traitement tiers 94 - AHM Express
[2026-06-14 21:29:11] INFO  Extrafields tiers: produit_video_id=null, produit_kit_id=null, nb_kits_raw=""=>0, prix_kit_semaine_raw=""=>0.00, nb_mois=2, nb_semaines=8, qty_kit=0, should_add_kit=no
[2026-06-14 21:29:11] DEBUG array_options keys: 
[2026-06-14 21:29:11] INFO  SKIP facturation SyncStats desactivee (options_facturation_syncstats_active != 1).
[2026-06-14 21:29:11] INFO  Traitement tiers 95 - AHM Montreuil
[2026-06-14 21:29:11] INFO  Extrafields tiers: produit_video_id=null, produit_kit_id=null, nb_kits_raw=""=>0, prix_kit_semaine_raw=""=>0.00, nb_mois=2, nb_semaines=8, qty_kit=0, should_add_kit=no
[2026-06-14 21:29:11] DEBUG array_options keys: 
[2026-06-14 21:29:11] INFO  SKIP facturation SyncStats desactivee (options_facturation_syncstats_active != 1).
[2026-06-14 21:29:11] INFO  Traitement tiers 96 - Dek Montérégie
[2026-06-14 21:29:11] INFO  Extrafields tiers: produit_video_id=null, produit_kit_id=null, nb_kits_raw=""=>0, prix_kit_semaine_raw=""=>0.00, nb_mois=2, nb_semaines=8, qty_kit=0, should_add_kit=no
[2026-06-14 21:29:11] DEBUG array_options keys: 
[2026-06-14 21:29:11] INFO  SKIP facturation SyncStats desactivee (options_facturation_syncstats_active != 1).
[2026-06-14 21:29:11] INFO  Traitement tiers 97 - Dek Montérégie
[2026-06-14 21:29:11] INFO  Extrafields tiers: produit_video_id=null, produit_kit_id=null, nb_kits_raw=""=>0, prix_kit_semaine_raw=""=>0.00, nb_mois=2, nb_semaines=8, qty_kit=0, should_add_kit=no
[2026-06-14 21:29:11] DEBUG array_options keys: 
[2026-06-14 21:29:11] INFO  SKIP facturation SyncStats desactivee (options_facturation_syncstats_active != 1).
[2026-06-14 21:29:11] INFO  Traitement tiers 98 - Julien Roussel
[2026-06-14 21:29:11] INFO  Extrafields tiers: produit_video_id=null, produit_kit_id=null, nb_kits_raw=""=>0, prix_kit_semaine_raw=""=>0.00, nb_mois=2, nb_semaines=8, qty_kit=0, should_add_kit=no
[2026-06-14 21:29:11] DEBUG array_options keys: 
[2026-06-14 21:29:11] INFO  SKIP facturation SyncStats desactivee (options_facturation_syncstats_active != 1).
[2026-06-14 21:29:11] INFO  Traitement tiers 99 - Dek Hockey Kirkland
[2026-06-14 21:29:11] INFO  Extrafields tiers: produit_video_id=null, produit_kit_id=null, nb_kits_raw=""=>0, prix_kit_semaine_raw=""=>0.00, nb_mois=2, nb_semaines=8, qty_kit=0, should_add_kit=no
[2026-06-14 21:29:11] DEBUG array_options keys: 
[2026-06-14 21:29:11] INFO  SKIP facturation SyncStats desactivee (options_facturation_syncstats_active != 1).
[2026-06-14 21:29:11] INFO  Traitement tiers 100 - Alfonso Reda
[2026-06-14 21:29:11] INFO  Extrafields tiers: produit_video_id=null, produit_kit_id=null, nb_kits_raw=""=>0, prix_kit_semaine_raw=""=>0.00, nb_mois=2, nb_semaines=8, qty_kit=0, should_add_kit=no
[2026-06-14 21:29:11] DEBUG array_options keys: 
[2026-06-14 21:29:11] INFO  SKIP facturation SyncStats desactivee (options_facturation_syncstats_active != 1).
[2026-06-14 21:29:11] INFO  Traitement tiers 101 - Georges Jadotte
[2026-06-14 21:29:11] INFO  Extrafields tiers: produit_video_id=null, produit_kit_id=null, nb_kits_raw=""=>0, prix_kit_semaine_raw=""=>0.00, nb_mois=2, nb_semaines=8, qty_kit=0, should_add_kit=no
[2026-06-14 21:29:11] DEBUG array_options keys: 
[2026-06-14 21:29:11] INFO  SKIP facturation SyncStats desactivee (options_facturation_syncstats_active != 1).
[2026-06-14 21:29:11] INFO  Traitement tiers 102 - Pierre-David Gagné
[2026-06-14 21:29:11] INFO  Extrafields tiers: produit_video_id=10, produit_kit_id=11, nb_kits_raw="1"=>1, prix_kit_semaine_raw="5.00000000"=>5.00, nb_mois=2, nb_semaines=8, qty_kit=8, should_add_kit=yes
[2026-06-14 21:29:11] DEBUG array_options keys: options_ligues_syncstats,options_prix_match_ht,options_facturation_syncstats_active,options_nb_kits_syncstats,options_prix_kits_semaine_ht,options_produit_kit_id,options_produit_video_id
[2026-06-14 21:29:11] INFO  Ligues SyncStats: 303,309
[2026-06-14 21:29:11] INFO  Signature: SYNCSTATS|FACTURATION|2026-03-01|2026-04-30
[2026-06-14 21:29:11] INFO  Anti-doublon: trouve (id facture 192, ref (PROV192))
[2026-06-14 21:29:12] INFO  Produit video #10: ref=0001, label=Service de reprises vidéo, tva_tx=5.000, localtax1=9.975(type=1), localtax2=0.000(type=0)
[2026-06-14 21:29:12] INFO  Produit kit #11: ref=0002, label=Location de trousse SyncStats, tva_tx=5.000, localtax1=9.975(type=1), localtax2=0.000(type=0)
[2026-06-14 21:29:13] INFO  Nb matchs facturables: 4
[2026-06-14 21:29:13] INFO  Montant estime HT (video): 20.00
[2026-06-14 21:29:13] INFO  Montant estime HT (kit): 40.00
[2026-06-14 21:29:13] INFO  Montant estime HT (total): 60.00
[2026-06-14 21:29:13] INFO  [SIMULATION] Ligne video prevue: product_id=10, qty=4, pu_ht=5.00
[2026-06-14 21:29:13] INFO  [SIMULATION] Ligne kit prevue: product_id=11, qty=8, pu_ht=5.00
[2026-06-14 21:29:13] INFO  [SIMULATION] Doublon detecte. Ligne video qui serait creee: product_id=10, qty=4, pu_ht=5.00
[2026-06-14 21:29:13] INFO  [SIMULATION] Doublon detecte. Ligne kit qui serait creee: product_id=11, qty=8, pu_ht=5.00
[2026-06-14 21:29:13] INFO  Anti-doublon: trouve => SKIP creation
[2026-06-14 21:29:13] INFO  Traitement tiers 103 - Sagar Modi Consulting inc.
[2026-06-14 21:29:13] INFO  Extrafields tiers: produit_video_id=10, produit_kit_id=11, nb_kits_raw="1"=>1, prix_kit_semaine_raw="6.00000000"=>6.00, nb_mois=2, nb_semaines=8, qty_kit=8, should_add_kit=yes
[2026-06-14 21:29:13] DEBUG array_options keys: options_ligues_syncstats,options_prix_match_ht,options_facturation_syncstats_active,options_nb_kits_syncstats,options_prix_kits_semaine_ht,options_produit_kit_id,options_produit_video_id
[2026-06-14 21:29:13] INFO  Ligues SyncStats: 269
[2026-06-14 21:29:13] INFO  Signature: SYNCSTATS|FACTURATION|2026-03-01|2026-04-30
[2026-06-14 21:29:14] INFO  Anti-doublon: trouve (id facture 193, ref (PROV193))
[2026-06-14 21:29:14] INFO  Produit video #10: ref=0001, label=Service de reprises vidéo, tva_tx=5.000, localtax1=9.975(type=1), localtax2=0.000(type=0)
[2026-06-14 21:29:15] INFO  Produit kit #11: ref=0002, label=Location de trousse SyncStats, tva_tx=5.000, localtax1=9.975(type=1), localtax2=0.000(type=0)
[2026-06-14 21:29:16] INFO  Nb matchs facturables: 46
[2026-06-14 21:29:16] INFO  Montant estime HT (video): 276.00
[2026-06-14 21:29:16] INFO  Montant estime HT (kit): 48.00
[2026-06-14 21:29:16] INFO  Montant estime HT (total): 324.00
[2026-06-14 21:29:16] INFO  [SIMULATION] Ligne video prevue: product_id=10, qty=46, pu_ht=6.00
[2026-06-14 21:29:16] INFO  [SIMULATION] Ligne kit prevue: product_id=11, qty=8, pu_ht=6.00
[2026-06-14 21:29:16] INFO  [SIMULATION] Doublon detecte. Ligne video qui serait creee: product_id=10, qty=46, pu_ht=6.00
[2026-06-14 21:29:16] INFO  [SIMULATION] Doublon detecte. Ligne kit qui serait creee: product_id=11, qty=8, pu_ht=6.00
[2026-06-14 21:29:16] INFO  Anti-doublon: trouve => SKIP creation
[2026-06-14 21:29:16] INFO  Execution terminee.
Execution terminee.
